#
# There is insufficient memory for the Java Runtime Environment to continue.
# Native memory allocation (malloc) failed to allocate 32744 bytes. Error detail: Chunk::new
# Possible reasons:
#   The system is out of physical RAM or swap space
#   This process is running with CompressedOops enabled, and the Java Heap may be blocking the growth of the native heap
# Possible solutions:
#   Reduce memory load on the system
#   Increase physical memory or swap space
#   Check if swap backing store is full
#   Decrease Java heap size (-Xmx/-Xms)
#   Decrease number of Java threads
#   Decrease Java thread stack sizes (-Xss)
#   Set larger code cache with -XX:ReservedCodeCacheSize=
#   JVM is running with Unscaled Compressed Oops mode in which the Java heap is
#     placed in the first 4GB address space. The Java Heap base address is the
#     maximum limit for the native heap growth. Please use -XX:HeapBaseMinAddress
#     to set the Java Heap base and to place the Java Heap above 4GB virtual address.
# This output file may be truncated or incomplete.
#
#  Out of Memory Error (arena.cpp:168), pid=10124, tid=5124
#
# JRE version: OpenJDK Runtime Environment (21.0.8) (build 21.0.8+-14018985-b1038.68)
# Java VM: OpenJDK 64-Bit Server VM (21.0.8+-14018985-b1038.68, mixed mode, tiered, compressed oops, compressed class ptrs, g1 gc, windows-amd64)
# No core dump will be written. Minidumps are not enabled by default on client versions of Windows
#

---------------  S U M M A R Y ------------

Command Line: --add-opens=java.base/java.lang=ALL-UNNAMED --add-opens=java.base/java.lang.invoke=ALL-UNNAMED --add-opens=java.base/java.util=ALL-UNNAMED --add-opens=java.prefs/java.util.prefs=ALL-UNNAMED --add-exports=jdk.compiler/com.sun.tools.javac.api=ALL-UNNAMED --add-exports=jdk.compiler/com.sun.tools.javac.util=ALL-UNNAMED --add-opens=java.base/java.util=ALL-UNNAMED --add-opens=java.prefs/java.util.prefs=ALL-UNNAMED --add-opens=java.base/java.nio.charset=ALL-UNNAMED --add-opens=java.base/java.net=ALL-UNNAMED --add-opens=java.base/java.util.concurrent.atomic=ALL-UNNAMED --add-opens=java.xml/javax.xml.namespace=ALL-UNNAMED -Xmx2048m -Dfile.encoding=UTF-8 -Duser.country=US -Duser.language=en -Duser.variant -javaagent:C:\Users\rilwa\.gradle\wrapper\dists\gradle-8.13-bin\5xuhj0ry160q40clulazy9h7d\gradle-8.13\lib\agents\gradle-instrumentation-agent-8.13.jar org.gradle.launcher.daemon.bootstrap.GradleDaemon 8.13

Host: Intel(R) Celeron(R) J4025 CPU @ 2.00GHz, 2 cores, 3G,  Windows 11 , 64 bit Build 26100 (10.0.26100.6725)
Time: Sat Nov  8 17:33:06 2025 W. Central Africa Standard Time elapsed time: 285.865352 seconds (0d 0h 4m 45s)

---------------  T H R E A D  ---------------

Current thread (0x000001756801f4c0):  JavaThread "C2 CompilerThread0" daemon [_thread_in_native, id=5124, stack(0x0000004f22000000,0x0000004f22100000) (1024K)]


Current CompileTask:
C2:285865 9829 %     4       org.gradle.internal.instantiation.generator.AbstractClassGenerator::inspectType @ 107 (602 bytes)

Stack: [0x0000004f22000000,0x0000004f22100000]
Native frames: (J=compiled Java code, j=interpreted, Vv=VM code, C=native code)
V  [jvm.dll+0x6d68d9]
V  [jvm.dll+0x866693]
V  [jvm.dll+0x868c4e]
V  [jvm.dll+0x869333]
V  [jvm.dll+0x280566]
V  [jvm.dll+0xc07cd]
V  [jvm.dll+0xc0d03]
V  [jvm.dll+0x2fcc78]
V  [jvm.dll+0x2fdd94]
V  [jvm.dll+0x2ff01c]
V  [jvm.dll+0x24a95c]
V  [jvm.dll+0x24871e]
V  [jvm.dll+0x1c73a4]
V  [jvm.dll+0x257f9e]
V  [jvm.dll+0x2564e6]
V  [jvm.dll+0x3f4696]
V  [jvm.dll+0x80eac8]
V  [jvm.dll+0x6d512d]
C  [ucrtbase.dll+0x37b0]
C  [KERNEL32.DLL+0x2e8d7]
C  [ntdll.dll+0x8c53c]


---------------  P R O C E S S  ---------------

Threads class SMR info:
_java_thread_list=0x000001756bb59740, length=43, elements={
0x000001754b026300, 0x00000175680102e0, 0x0000017563d2e7d0, 0x0000017563d2d1e0,
0x000001756801c810, 0x000001756801d270, 0x000001756801dcd0, 0x000001756801e730,
0x000001756801f4c0, 0x00000175680a6c50, 0x00000175682dc300, 0x0000017569c6aa70,
0x00000175691db680, 0x0000017568f24080, 0x0000017569279100, 0x0000017569582250,
0x0000017568ecf0f0, 0x000001756986b470, 0x00000175694ea070, 0x00000175694e99e0,
0x00000175694e9350, 0x00000175694ec140, 0x00000175694ea700, 0x00000175694ead90,
0x00000175694ec7d0, 0x00000175694ebab0, 0x000001756afe90f0, 0x000001756afe76b0,
0x000001756afe6300, 0x000001756afe5c70, 0x000001756afe9e10, 0x000001756afe6990,
0x000001756afe7020, 0x000001756afe9780, 0x000001756afeab30, 0x000001756afea4a0,
0x000001756afe83d0, 0x000001756afeb1c0, 0x000001756b885de0, 0x000001756b886b00,
0x000001756b889260, 0x000001756b886470, 0x000001756b887820
}

Java Threads: ( => current thread )
  0x000001754b026300 JavaThread "main"                              [_thread_blocked, id=9848, stack(0x0000004f21100000,0x0000004f21200000) (1024K)]
  0x00000175680102e0 JavaThread "Common-Cleaner"             daemon [_thread_blocked, id=1256, stack(0x0000004f21900000,0x0000004f21a00000) (1024K)]
  0x0000017563d2e7d0 JavaThread "Reference Handler"          daemon [_thread_blocked, id=7160, stack(0x0000004f21a00000,0x0000004f21b00000) (1024K)]
  0x0000017563d2d1e0 JavaThread "Finalizer"                  daemon [_thread_blocked, id=3684, stack(0x0000004f21b00000,0x0000004f21c00000) (1024K)]
  0x000001756801c810 JavaThread "Signal Dispatcher"          daemon [_thread_blocked, id=7196, stack(0x0000004f21c00000,0x0000004f21d00000) (1024K)]
  0x000001756801d270 JavaThread "Attach Listener"            daemon [_thread_blocked, id=12260, stack(0x0000004f21d00000,0x0000004f21e00000) (1024K)]
  0x000001756801dcd0 JavaThread "Service Thread"             daemon [_thread_blocked, id=12256, stack(0x0000004f21e00000,0x0000004f21f00000) (1024K)]
  0x000001756801e730 JavaThread "Monitor Deflation Thread"   daemon [_thread_blocked, id=1392, stack(0x0000004f21f00000,0x0000004f22000000) (1024K)]
=>0x000001756801f4c0 JavaThread "C2 CompilerThread0"         daemon [_thread_in_native, id=5124, stack(0x0000004f22000000,0x0000004f22100000) (1024K)]
  0x00000175680a6c50 JavaThread "C1 CompilerThread0"         daemon [_thread_blocked, id=10224, stack(0x0000004f22100000,0x0000004f22200000) (1024K)]
  0x00000175682dc300 JavaThread "Notification Thread"        daemon [_thread_blocked, id=1916, stack(0x0000004f22200000,0x0000004f22300000) (1024K)]
  0x0000017569c6aa70 JavaThread "Daemon health stats"               [_thread_blocked, id=9448, stack(0x0000004f20f00000,0x0000004f21000000) (1024K)]
  0x00000175691db680 JavaThread "Incoming local TCP Connector on port 50880"        [_thread_in_native, id=6980, stack(0x0000004f22400000,0x0000004f22500000) (1024K)]
  0x0000017568f24080 JavaThread "Daemon"                            [_thread_blocked, id=7976, stack(0x0000004f22500000,0x0000004f22600000) (1024K)]
  0x0000017569279100 JavaThread "Handler for socket connection from /127.0.0.1:50880 to /127.0.0.1:50881"        [_thread_in_native, id=2236, stack(0x0000004f22600000,0x0000004f22700000) (1024K)]
  0x0000017569582250 JavaThread "Daemon periodic checks"            [_thread_blocked, id=10052, stack(0x0000004f22700000,0x0000004f22800000) (1024K)]
  0x0000017568ecf0f0 JavaThread "Cancel handler"                    [_thread_blocked, id=6260, stack(0x0000004f22800000,0x0000004f22900000) (1024K)]
  0x000001756986b470 JavaThread "Daemon worker"                     [_thread_blocked, id=1328, stack(0x0000004f22900000,0x0000004f22a00000) (1024K)]
  0x00000175694ea070 JavaThread "Asynchronous log dispatcher for DefaultDaemonConnection: socket connection from /127.0.0.1:50880 to /127.0.0.1:50881"        [_thread_blocked, id=11536, stack(0x0000004f22a00000,0x0000004f22b00000) (1024K)]
  0x00000175694e99e0 JavaThread "Stdin handler"                     [_thread_blocked, id=11496, stack(0x0000004f22b00000,0x0000004f22c00000) (1024K)]
  0x00000175694e9350 JavaThread "Daemon client event forwarder"        [_thread_blocked, id=11612, stack(0x0000004f22c00000,0x0000004f22d00000) (1024K)]
  0x00000175694ec140 JavaThread "Cache worker for journal cache (C:\Users\rilwa\.gradle\caches\journal-1)"        [_thread_blocked, id=6380, stack(0x0000004f22d00000,0x0000004f22e00000) (1024K)]
  0x00000175694ea700 JavaThread "File lock request listener"        [_thread_in_native, id=6152, stack(0x0000004f22e00000,0x0000004f22f00000) (1024K)]
  0x00000175694ead90 JavaThread "Cache worker for file hash cache (C:\Users\rilwa\.gradle\caches\8.13\fileHashes)"        [_thread_blocked, id=4224, stack(0x0000004f22f00000,0x0000004f23000000) (1024K)]
  0x00000175694ec7d0 JavaThread "Cache worker for file hash cache (C:\Users\rilwa\AndroidStudioProjects\Broach\.gradle\8.13\fileHashes)"        [_thread_blocked, id=3348, stack(0x0000004f23000000,0x0000004f23100000) (1024K)]
  0x00000175694ebab0 JavaThread "Cache worker for Build Output Cleanup Cache (C:\Users\rilwa\AndroidStudioProjects\Broach\.gradle\buildOutputCleanup)"        [_thread_blocked, id=9540, stack(0x0000004f23100000,0x0000004f23200000) (1024K)]
  0x000001756afe90f0 JavaThread "File watcher server"        daemon [_thread_in_native, id=11304, stack(0x0000004f23200000,0x0000004f23300000) (1024K)]
  0x000001756afe76b0 JavaThread "File watcher consumer"      daemon [_thread_blocked, id=11568, stack(0x0000004f23300000,0x0000004f23400000) (1024K)]
  0x000001756afe6300 JavaThread "File lock release action executor"        [_thread_blocked, id=12276, stack(0x0000004f23400000,0x0000004f23500000) (1024K)]
  0x000001756afe5c70 JavaThread "jar transforms"                    [_thread_blocked, id=6452, stack(0x0000004f23500000,0x0000004f23600000) (1024K)]
  0x000001756afe9e10 JavaThread "jar transforms Thread 2"           [_thread_blocked, id=7640, stack(0x0000004f23600000,0x0000004f23700000) (1024K)]
  0x000001756afe6990 JavaThread "Cache worker for checksums cache (C:\Users\rilwa\AndroidStudioProjects\Broach\.gradle\8.13\checksums)"        [_thread_blocked, id=4756, stack(0x0000004f20e00000,0x0000004f20f00000) (1024K)]
  0x000001756afe7020 JavaThread "Cache worker for file content cache (C:\Users\rilwa\.gradle\caches\8.13\fileContent)"        [_thread_blocked, id=8396, stack(0x0000004f21000000,0x0000004f21100000) (1024K)]
  0x000001756afe9780 JavaThread "Cache worker for cache directory md-supplier (C:\Users\rilwa\.gradle\caches\8.13\md-supplier)"        [_thread_blocked, id=11944, stack(0x0000004f23700000,0x0000004f23800000) (1024K)]
  0x000001756afeab30 JavaThread "Cache worker for cache directory md-rule (C:\Users\rilwa\.gradle\caches\8.13\md-rule)"        [_thread_blocked, id=9376, stack(0x0000004f23800000,0x0000004f23900000) (1024K)]
  0x000001756afea4a0 JavaThread "Unconstrained build operations"        [_thread_blocked, id=3064, stack(0x0000004f23900000,0x0000004f23a00000) (1024K)]
  0x000001756afe83d0 JavaThread "Unconstrained build operations Thread 2"        [_thread_blocked, id=12040, stack(0x0000004f23a00000,0x0000004f23b00000) (1024K)]
  0x000001756afeb1c0 JavaThread "Unconstrained build operations Thread 3"        [_thread_blocked, id=9356, stack(0x0000004f23b00000,0x0000004f23c00000) (1024K)]
  0x000001756b885de0 JavaThread "Unconstrained build operations Thread 4"        [_thread_blocked, id=12048, stack(0x0000004f23c00000,0x0000004f23d00000) (1024K)]
  0x000001756b886b00 JavaThread "Unconstrained build operations Thread 5"        [_thread_blocked, id=276, stack(0x0000004f23d00000,0x0000004f23e00000) (1024K)]
  0x000001756b889260 JavaThread "Unconstrained build operations Thread 6"        [_thread_blocked, id=1020, stack(0x0000004f23e00000,0x0000004f23f00000) (1024K)]
  0x000001756b886470 JavaThread "build event listener"              [_thread_blocked, id=9084, stack(0x0000004f23f00000,0x0000004f24000000) (1024K)]
  0x000001756b887820 JavaThread "Memory manager"                    [_thread_blocked, id=11492, stack(0x0000004f24000000,0x0000004f24100000) (1024K)]
Total: 43

Other Threads:
  0x0000017563cb6580 VMThread "VM Thread"                           [id=9144, stack(0x0000004f21800000,0x0000004f21900000) (1024K)]
  0x0000017563c4fdb0 WatcherThread "VM Periodic Task Thread"        [id=2908, stack(0x0000004f21700000,0x0000004f21800000) (1024K)]
  0x000001754b0ed040 WorkerThread "GC Thread#0"                     [id=10572, stack(0x0000004f21200000,0x0000004f21300000) (1024K)]
  0x00000175683fbf00 WorkerThread "GC Thread#1"                     [id=11176, stack(0x0000004f22300000,0x0000004f22400000) (1024K)]
  0x000001754b0edf00 ConcurrentGCThread "G1 Main Marker"            [id=2104, stack(0x0000004f21300000,0x0000004f21400000) (1024K)]
  0x000001754b0ee910 WorkerThread "G1 Conc#0"                       [id=3204, stack(0x0000004f21400000,0x0000004f21500000) (1024K)]
  0x000001754d4229d0 ConcurrentGCThread "G1 Refine#0"               [id=12264, stack(0x0000004f21500000,0x0000004f21600000) (1024K)]
  0x000001754d424290 ConcurrentGCThread "G1 Service"                [id=8008, stack(0x0000004f21600000,0x0000004f21700000) (1024K)]
Total: 8

Threads with active compile tasks:
C2 CompilerThread0  285953 9829 %     4       org.gradle.internal.instantiation.generator.AbstractClassGenerator::inspectType @ 107 (602 bytes)
Total: 1

VM state: not at safepoint (normal execution)

VM Mutex/Monitor currently owned by a thread:  ([mutex/lock_event])
[0x00007ff88f9686b8] Heap_lock - owner thread: 0x000001756986b470

Heap address: 0x0000000080000000, size: 2048 MB, Compressed Oops mode: 32-bit

CDS archive(s) not mapped
Compressed class space mapped at: 0x0000000100000000-0x0000000140000000, reserved size: 1073741824
Narrow klass base: 0x0000000000000000, Narrow klass shift: 3, Narrow klass range: 0x140000000

GC Precious Log:
 CardTable entry size: 512
 Card Set container configuration: InlinePtr #cards 5 size 8 Array Of Cards #cards 12 size 40 Howl #buckets 4 coarsen threshold 1843 Howl Bitmap #cards 512 size 80 coarsen threshold 460 Card regions per heap region 1 cards per card region 2048
 CPUs: 2 total, 2 available
 Memory: 3841M
 Large Page Support: Disabled
 NUMA Support: Disabled
 Compressed Oops: Enabled (32-bit)
 Heap Region Size: 1M
 Heap Min Capacity: 8M
 Heap Initial Capacity: 62M
 Heap Max Capacity: 2G
 Pre-touch: Disabled
 Parallel Workers: 2
 Concurrent Workers: 1
 Concurrent Refinement Workers: 2
 Periodic GC: Disabled

Heap:
 garbage-first heap   total 122880K, used 77659K [0x0000000080000000, 0x0000000100000000)
  region size 1024K, 6 young (6144K), 5 survivors (5120K)
 Metaspace       used 86428K, committed 88256K, reserved 1179648K
  class space    used 11907K, committed 12800K, reserved 1048576K

Heap Regions: E=young(eden), S=young(survivor), O=old, HS=humongous(starts), HC=humongous(continues), CS=collection set, F=free, TAMS=top-at-mark-start, PB=parsable bottom
|   0|0x0000000080000000, 0x0000000080100000, 0x0000000080100000|100%| O|  |TAMS 0x0000000080000000| PB 0x0000000080000000| Untracked 
|   1|0x0000000080100000, 0x0000000080200000, 0x0000000080200000|100%|HS|  |TAMS 0x0000000080100000| PB 0x0000000080100000| Complete 
|   2|0x0000000080200000, 0x0000000080300000, 0x0000000080300000|100%|HC|  |TAMS 0x0000000080200000| PB 0x0000000080200000| Complete 
|   3|0x0000000080300000, 0x0000000080400000, 0x0000000080400000|100%|HC|  |TAMS 0x0000000080300000| PB 0x0000000080300000| Complete 
|   4|0x0000000080400000, 0x0000000080500000, 0x0000000080500000|100%| O|  |TAMS 0x0000000080400000| PB 0x0000000080400000| Untracked 
|   5|0x0000000080500000, 0x0000000080600000, 0x0000000080600000|100%| O|  |TAMS 0x0000000080500000| PB 0x0000000080500000| Untracked 
|   6|0x0000000080600000, 0x0000000080700000, 0x0000000080700000|100%| O|  |TAMS 0x0000000080600000| PB 0x0000000080600000| Untracked 
|   7|0x0000000080700000, 0x0000000080800000, 0x0000000080800000|100%| O|  |TAMS 0x0000000080700000| PB 0x0000000080700000| Untracked 
|   8|0x0000000080800000, 0x0000000080900000, 0x0000000080900000|100%|HS|  |TAMS 0x0000000080800000| PB 0x0000000080800000| Complete 
|   9|0x0000000080900000, 0x0000000080a00000, 0x0000000080a00000|100%| O|  |TAMS 0x0000000080900000| PB 0x0000000080900000| Untracked 
|  10|0x0000000080a00000, 0x0000000080b00000, 0x0000000080b00000|100%| O|  |TAMS 0x0000000080a00000| PB 0x0000000080a00000| Untracked 
|  11|0x0000000080b00000, 0x0000000080c00000, 0x0000000080c00000|100%| O|  |TAMS 0x0000000080b00000| PB 0x0000000080b00000| Untracked 
|  12|0x0000000080c00000, 0x0000000080d00000, 0x0000000080d00000|100%| O|  |TAMS 0x0000000080c00000| PB 0x0000000080c00000| Untracked 
|  13|0x0000000080d00000, 0x0000000080e00000, 0x0000000080e00000|100%| O|  |TAMS 0x0000000080d00000| PB 0x0000000080d00000| Untracked 
|  14|0x0000000080e00000, 0x0000000080f00000, 0x0000000080f00000|100%| O|  |TAMS 0x0000000080e00000| PB 0x0000000080e00000| Untracked 
|  15|0x0000000080f00000, 0x0000000081000000, 0x0000000081000000|100%| O|  |TAMS 0x0000000080f00000| PB 0x0000000080f00000| Untracked 
|  16|0x0000000081000000, 0x0000000081100000, 0x0000000081100000|100%| O|  |TAMS 0x0000000081000000| PB 0x0000000081000000| Untracked 
|  17|0x0000000081100000, 0x0000000081200000, 0x0000000081200000|100%| O|  |TAMS 0x0000000081100000| PB 0x0000000081100000| Untracked 
|  18|0x0000000081200000, 0x0000000081300000, 0x0000000081300000|100%| O|  |TAMS 0x0000000081200000| PB 0x0000000081200000| Untracked 
|  19|0x0000000081300000, 0x0000000081400000, 0x0000000081400000|100%| O|  |TAMS 0x0000000081300000| PB 0x0000000081300000| Untracked 
|  20|0x0000000081400000, 0x0000000081500000, 0x0000000081500000|100%| O|  |TAMS 0x0000000081400000| PB 0x0000000081400000| Untracked 
|  21|0x0000000081500000, 0x0000000081600000, 0x0000000081600000|100%| O|  |TAMS 0x0000000081500000| PB 0x0000000081500000| Untracked 
|  22|0x0000000081600000, 0x0000000081700000, 0x0000000081700000|100%| O|  |TAMS 0x0000000081600000| PB 0x0000000081600000| Untracked 
|  23|0x0000000081700000, 0x0000000081800000, 0x0000000081800000|100%| O|  |TAMS 0x0000000081700000| PB 0x0000000081700000| Untracked 
|  24|0x0000000081800000, 0x0000000081900000, 0x0000000081900000|100%| O|  |TAMS 0x0000000081800000| PB 0x0000000081800000| Untracked 
|  25|0x0000000081900000, 0x0000000081a00000, 0x0000000081a00000|100%| O|  |TAMS 0x0000000081900000| PB 0x0000000081900000| Untracked 
|  26|0x0000000081a00000, 0x0000000081b00000, 0x0000000081b00000|100%| O|  |TAMS 0x0000000081a00000| PB 0x0000000081a00000| Untracked 
|  27|0x0000000081b00000, 0x0000000081c00000, 0x0000000081c00000|100%| O|  |TAMS 0x0000000081b00000| PB 0x0000000081b00000| Untracked 
|  28|0x0000000081c00000, 0x0000000081d00000, 0x0000000081d00000|100%| O|  |TAMS 0x0000000081c00000| PB 0x0000000081c00000| Untracked 
|  29|0x0000000081d00000, 0x0000000081e00000, 0x0000000081e00000|100%| O|  |TAMS 0x0000000081d00000| PB 0x0000000081d00000| Untracked 
|  30|0x0000000081e00000, 0x0000000081f00000, 0x0000000081f00000|100%| O|  |TAMS 0x0000000081e00000| PB 0x0000000081e00000| Untracked 
|  31|0x0000000081f00000, 0x0000000082000000, 0x0000000082000000|100%| O|  |TAMS 0x0000000081f00000| PB 0x0000000081f00000| Untracked 
|  32|0x0000000082000000, 0x0000000082100000, 0x0000000082100000|100%| O|  |TAMS 0x0000000082000000| PB 0x0000000082000000| Untracked 
|  33|0x0000000082100000, 0x0000000082200000, 0x0000000082200000|100%| O|  |TAMS 0x0000000082100000| PB 0x0000000082100000| Untracked 
|  34|0x0000000082200000, 0x0000000082300000, 0x0000000082300000|100%| O|  |TAMS 0x0000000082200000| PB 0x0000000082200000| Untracked 
|  35|0x0000000082300000, 0x0000000082400000, 0x0000000082400000|100%| O|  |TAMS 0x0000000082300000| PB 0x0000000082300000| Untracked 
|  36|0x0000000082400000, 0x0000000082500000, 0x0000000082500000|100%| O|  |TAMS 0x0000000082400000| PB 0x0000000082400000| Untracked 
|  37|0x0000000082500000, 0x0000000082500000, 0x0000000082600000|  0%| F|  |TAMS 0x0000000082500000| PB 0x0000000082500000| Untracked 
|  38|0x0000000082600000, 0x0000000082700000, 0x0000000082700000|100%| O|  |TAMS 0x0000000082600000| PB 0x0000000082600000| Untracked 
|  39|0x0000000082700000, 0x0000000082800000, 0x0000000082800000|100%| O|  |TAMS 0x0000000082700000| PB 0x0000000082700000| Untracked 
|  40|0x0000000082800000, 0x0000000082900000, 0x0000000082900000|100%| O|  |TAMS 0x0000000082800000| PB 0x0000000082800000| Untracked 
|  41|0x0000000082900000, 0x0000000082a00000, 0x0000000082a00000|100%| O|  |TAMS 0x0000000082900000| PB 0x0000000082900000| Untracked 
|  42|0x0000000082a00000, 0x0000000082b00000, 0x0000000082b00000|100%| O|  |TAMS 0x0000000082a00000| PB 0x0000000082a00000| Untracked 
|  43|0x0000000082b00000, 0x0000000082c00000, 0x0000000082c00000|100%| O|  |TAMS 0x0000000082b00000| PB 0x0000000082b00000| Untracked 
|  44|0x0000000082c00000, 0x0000000082d00000, 0x0000000082d00000|100%| O|  |TAMS 0x0000000082c00000| PB 0x0000000082c00000| Untracked 
|  45|0x0000000082d00000, 0x0000000082e00000, 0x0000000082e00000|100%| O|  |TAMS 0x0000000082d00000| PB 0x0000000082d00000| Untracked 
|  46|0x0000000082e00000, 0x0000000082f00000, 0x0000000082f00000|100%| O|  |TAMS 0x0000000082e00000| PB 0x0000000082e00000| Untracked 
|  47|0x0000000082f00000, 0x0000000083000000, 0x0000000083000000|100%| O|  |TAMS 0x0000000082f00000| PB 0x0000000082f00000| Untracked 
|  48|0x0000000083000000, 0x0000000083100000, 0x0000000083100000|100%|HS|  |TAMS 0x0000000083000000| PB 0x0000000083000000| Complete 
|  49|0x0000000083100000, 0x0000000083100000, 0x0000000083200000|  0%| F|  |TAMS 0x0000000083100000| PB 0x0000000083100000| Untracked 
|  50|0x0000000083200000, 0x0000000083300000, 0x0000000083300000|100%| O|  |TAMS 0x0000000083200000| PB 0x0000000083200000| Untracked 
|  51|0x0000000083300000, 0x0000000083400000, 0x0000000083400000|100%|HS|  |TAMS 0x0000000083300000| PB 0x0000000083300000| Complete 
|  52|0x0000000083400000, 0x0000000083500000, 0x0000000083500000|100%|HS|  |TAMS 0x0000000083400000| PB 0x0000000083400000| Complete 
|  53|0x0000000083500000, 0x0000000083600000, 0x0000000083600000|100%|HC|  |TAMS 0x0000000083500000| PB 0x0000000083500000| Complete 
|  54|0x0000000083600000, 0x0000000083700000, 0x0000000083700000|100%|HS|  |TAMS 0x0000000083600000| PB 0x0000000083600000| Complete 
|  55|0x0000000083700000, 0x0000000083800000, 0x0000000083800000|100%|HC|  |TAMS 0x0000000083700000| PB 0x0000000083700000| Complete 
|  56|0x0000000083800000, 0x0000000083900000, 0x0000000083900000|100%|HS|  |TAMS 0x0000000083800000| PB 0x0000000083800000| Complete 
|  57|0x0000000083900000, 0x0000000083a00000, 0x0000000083a00000|100%|HS|  |TAMS 0x0000000083900000| PB 0x0000000083900000| Complete 
|  58|0x0000000083a00000, 0x0000000083b00000, 0x0000000083b00000|100%| O|  |TAMS 0x0000000083a00000| PB 0x0000000083a00000| Untracked 
|  59|0x0000000083b00000, 0x0000000083c00000, 0x0000000083c00000|100%| O|  |TAMS 0x0000000083b00000| PB 0x0000000083b00000| Untracked 
|  60|0x0000000083c00000, 0x0000000083d00000, 0x0000000083d00000|100%| O|  |TAMS 0x0000000083c00000| PB 0x0000000083c00000| Untracked 
|  61|0x0000000083d00000, 0x0000000083e00000, 0x0000000083e00000|100%| O|  |TAMS 0x0000000083d00000| PB 0x0000000083d00000| Untracked 
|  62|0x0000000083e00000, 0x0000000083e00000, 0x0000000083f00000|  0%| F|  |TAMS 0x0000000083e00000| PB 0x0000000083e00000| Untracked 
|  63|0x0000000083f00000, 0x0000000084000000, 0x0000000084000000|100%|HS|  |TAMS 0x0000000083f00000| PB 0x0000000083f00000| Complete 
|  64|0x0000000084000000, 0x0000000084100000, 0x0000000084100000|100%|HS|  |TAMS 0x0000000084000000| PB 0x0000000084000000| Complete 
|  65|0x0000000084100000, 0x0000000084100000, 0x0000000084200000|  0%| F|  |TAMS 0x0000000084100000| PB 0x0000000084100000| Untracked 
|  66|0x0000000084200000, 0x0000000084200000, 0x0000000084300000|  0%| F|  |TAMS 0x0000000084200000| PB 0x0000000084200000| Untracked 
|  67|0x0000000084300000, 0x0000000084300000, 0x0000000084400000|  0%| F|  |TAMS 0x0000000084300000| PB 0x0000000084300000| Untracked 
|  68|0x0000000084400000, 0x0000000084500000, 0x0000000084500000|100%|HS|  |TAMS 0x0000000084400000| PB 0x0000000084400000| Complete 
|  69|0x0000000084500000, 0x0000000084600000, 0x0000000084600000|100%| O|  |TAMS 0x0000000084500000| PB 0x0000000084500000| Untracked 
|  70|0x0000000084600000, 0x0000000084700000, 0x0000000084700000|100%| S|CS|TAMS 0x0000000084600000| PB 0x0000000084600000| Complete 
|  71|0x0000000084700000, 0x0000000084800000, 0x0000000084800000|100%| S|CS|TAMS 0x0000000084700000| PB 0x0000000084700000| Complete 
|  72|0x0000000084800000, 0x0000000084900000, 0x0000000084900000|100%| S|CS|TAMS 0x0000000084800000| PB 0x0000000084800000| Complete 
|  73|0x0000000084900000, 0x0000000084a00000, 0x0000000084a00000|100%| S|CS|TAMS 0x0000000084900000| PB 0x0000000084900000| Complete 
|  74|0x0000000084a00000, 0x0000000084a00000, 0x0000000084b00000|  0%| F|  |TAMS 0x0000000084a00000| PB 0x0000000084a00000| Untracked 
|  75|0x0000000084b00000, 0x0000000084b00000, 0x0000000084c00000|  0%| F|  |TAMS 0x0000000084b00000| PB 0x0000000084b00000| Untracked 
|  76|0x0000000084c00000, 0x0000000084c00000, 0x0000000084d00000|  0%| F|  |TAMS 0x0000000084c00000| PB 0x0000000084c00000| Untracked 
|  77|0x0000000084d00000, 0x0000000084d00000, 0x0000000084e00000|  0%| F|  |TAMS 0x0000000084d00000| PB 0x0000000084d00000| Untracked 
|  78|0x0000000084e00000, 0x0000000084e00000, 0x0000000084f00000|  0%| F|  |TAMS 0x0000000084e00000| PB 0x0000000084e00000| Untracked 
|  79|0x0000000084f00000, 0x0000000084f00000, 0x0000000085000000|  0%| F|  |TAMS 0x0000000084f00000| PB 0x0000000084f00000| Untracked 
|  80|0x0000000085000000, 0x0000000085000000, 0x0000000085100000|  0%| F|  |TAMS 0x0000000085000000| PB 0x0000000085000000| Untracked 
|  81|0x0000000085100000, 0x0000000085100000, 0x0000000085200000|  0%| F|  |TAMS 0x0000000085100000| PB 0x0000000085100000| Untracked 
|  82|0x0000000085200000, 0x0000000085200000, 0x0000000085300000|  0%| F|  |TAMS 0x0000000085200000| PB 0x0000000085200000| Untracked 
|  83|0x0000000085300000, 0x0000000085300000, 0x0000000085400000|  0%| F|  |TAMS 0x0000000085300000| PB 0x0000000085300000| Untracked 
|  84|0x0000000085400000, 0x0000000085400000, 0x0000000085500000|  0%| F|  |TAMS 0x0000000085400000| PB 0x0000000085400000| Untracked 
|  85|0x0000000085500000, 0x0000000085500000, 0x0000000085600000|  0%| F|  |TAMS 0x0000000085500000| PB 0x0000000085500000| Untracked 
|  86|0x0000000085600000, 0x0000000085600000, 0x0000000085700000|  0%| F|  |TAMS 0x0000000085600000| PB 0x0000000085600000| Untracked 
|  87|0x0000000085700000, 0x0000000085700000, 0x0000000085800000|  0%| F|  |TAMS 0x0000000085700000| PB 0x0000000085700000| Untracked 
|  88|0x0000000085800000, 0x0000000085800000, 0x0000000085900000|  0%| F|  |TAMS 0x0000000085800000| PB 0x0000000085800000| Untracked 
|  89|0x0000000085900000, 0x0000000085900000, 0x0000000085a00000|  0%| F|  |TAMS 0x0000000085900000| PB 0x0000000085900000| Untracked 
|  90|0x0000000085a00000, 0x0000000085a00000, 0x0000000085b00000|  0%| F|  |TAMS 0x0000000085a00000| PB 0x0000000085a00000| Untracked 
|  91|0x0000000085b00000, 0x0000000085b00000, 0x0000000085c00000|  0%| F|  |TAMS 0x0000000085b00000| PB 0x0000000085b00000| Untracked 
|  92|0x0000000085c00000, 0x0000000085c00000, 0x0000000085d00000|  0%| F|  |TAMS 0x0000000085c00000| PB 0x0000000085c00000| Untracked 
|  93|0x0000000085d00000, 0x0000000085d00000, 0x0000000085e00000|  0%| F|  |TAMS 0x0000000085d00000| PB 0x0000000085d00000| Untracked 
|  94|0x0000000085e00000, 0x0000000085e00000, 0x0000000085f00000|  0%| F|  |TAMS 0x0000000085e00000| PB 0x0000000085e00000| Untracked 
|  95|0x0000000085f00000, 0x0000000085f00000, 0x0000000086000000|  0%| F|  |TAMS 0x0000000085f00000| PB 0x0000000085f00000| Untracked 
|  96|0x0000000086000000, 0x0000000086000000, 0x0000000086100000|  0%| F|  |TAMS 0x0000000086000000| PB 0x0000000086000000| Untracked 
|  97|0x0000000086100000, 0x0000000086100000, 0x0000000086200000|  0%| F|  |TAMS 0x0000000086100000| PB 0x0000000086100000| Untracked 
|  98|0x0000000086200000, 0x0000000086200000, 0x0000000086300000|  0%| F|  |TAMS 0x0000000086200000| PB 0x0000000086200000| Untracked 
|  99|0x0000000086300000, 0x0000000086300000, 0x0000000086400000|  0%| F|  |TAMS 0x0000000086300000| PB 0x0000000086300000| Untracked 
| 100|0x0000000086400000, 0x0000000086400000, 0x0000000086500000|  0%| F|  |TAMS 0x0000000086400000| PB 0x0000000086400000| Untracked 
| 101|0x0000000086500000, 0x0000000086500000, 0x0000000086600000|  0%| F|  |TAMS 0x0000000086500000| PB 0x0000000086500000| Untracked 
| 102|0x0000000086600000, 0x0000000086600000, 0x0000000086700000|  0%| F|  |TAMS 0x0000000086600000| PB 0x0000000086600000| Untracked 
| 103|0x0000000086700000, 0x0000000086700000, 0x0000000086800000|  0%| F|  |TAMS 0x0000000086700000| PB 0x0000000086700000| Untracked 
| 104|0x0000000086800000, 0x0000000086800000, 0x0000000086900000|  0%| F|  |TAMS 0x0000000086800000| PB 0x0000000086800000| Untracked 
| 105|0x0000000086900000, 0x0000000086900000, 0x0000000086a00000|  0%| F|  |TAMS 0x0000000086900000| PB 0x0000000086900000| Untracked 
| 106|0x0000000086a00000, 0x0000000086a00000, 0x0000000086b00000|  0%| F|  |TAMS 0x0000000086a00000| PB 0x0000000086a00000| Untracked 
| 107|0x0000000086b00000, 0x0000000086b00000, 0x0000000086c00000|  0%| F|  |TAMS 0x0000000086b00000| PB 0x0000000086b00000| Untracked 
| 108|0x0000000086c00000, 0x0000000086c00000, 0x0000000086d00000|  0%| F|  |TAMS 0x0000000086c00000| PB 0x0000000086c00000| Untracked 
| 109|0x0000000086d00000, 0x0000000086d00000, 0x0000000086e00000|  0%| F|  |TAMS 0x0000000086d00000| PB 0x0000000086d00000| Untracked 
| 110|0x0000000086e00000, 0x0000000086e00000, 0x0000000086f00000|  0%| F|  |TAMS 0x0000000086e00000| PB 0x0000000086e00000| Untracked 
| 111|0x0000000086f00000, 0x0000000086f0f8f8, 0x0000000087000000|  6%| E|  |TAMS 0x0000000086f00000| PB 0x0000000086f00000| Complete 
| 112|0x0000000087000000, 0x0000000087100000, 0x0000000087100000|100%| S|CS|TAMS 0x0000000087000000| PB 0x0000000087000000| Complete 
|2041|0x00000000ff900000, 0x00000000ff9d6ec0, 0x00000000ffa00000| 83%| O|  |TAMS 0x00000000ff900000| PB 0x00000000ff900000| Untracked 
|2042|0x00000000ffa00000, 0x00000000ffb00000, 0x00000000ffb00000|100%| O|  |TAMS 0x00000000ffa00000| PB 0x00000000ffa00000| Untracked 
|2043|0x00000000ffb00000, 0x00000000ffc00000, 0x00000000ffc00000|100%| O|  |TAMS 0x00000000ffb00000| PB 0x00000000ffb00000| Untracked 
|2044|0x00000000ffc00000, 0x00000000ffd00000, 0x00000000ffd00000|100%| O|  |TAMS 0x00000000ffc00000| PB 0x00000000ffc00000| Untracked 
|2045|0x00000000ffd00000, 0x00000000ffe00000, 0x00000000ffe00000|100%| O|  |TAMS 0x00000000ffd00000| PB 0x00000000ffd00000| Untracked 
|2046|0x00000000ffe00000, 0x00000000fff00000, 0x00000000fff00000|100%| O|  |TAMS 0x00000000ffe00000| PB 0x00000000ffe00000| Untracked 
|2047|0x00000000fff00000, 0x0000000100000000, 0x0000000100000000|100%| O|  |TAMS 0x00000000fff00000| PB 0x00000000fff00000| Untracked 

Card table byte_map: [0x000001755f4c0000,0x000001755f8c0000] _byte_map_base: 0x000001755f0c0000

Marking Bits: (CMBitMap*) 0x000001754b0ed650
 Bits: [0x000001755f8c0000, 0x00000175618c0000)

Polling page: 0x000001754c9e0000

Metaspace:

Usage:
  Non-class:     72.77 MB used.
      Class:     11.63 MB used.
       Both:     84.40 MB used.

Virtual space:
  Non-class space:      128.00 MB reserved,      73.69 MB ( 58%) committed,  2 nodes.
      Class space:        1.00 GB reserved,      12.50 MB (  1%) committed,  1 nodes.
             Both:        1.12 GB reserved,      86.19 MB (  7%) committed. 

Chunk freelists:
   Non-Class:  6.07 MB
       Class:  3.41 MB
        Both:  9.48 MB

MaxMetaspaceSize: unlimited
CompressedClassSpaceSize: 1.00 GB
Initial GC threshold: 21.00 MB
Current GC threshold: 132.94 MB
CDS: off
 - commit_granule_bytes: 65536.
 - commit_granule_words: 8192.
 - virtual_space_node_default_size: 8388608.
 - enlarge_chunks_in_place: 1.
 - use_allocation_guard: 0.


Internal statistics:

num_allocs_failed_limit: 6.
num_arena_births: 3640.
num_arena_deaths: 0.
num_vsnodes_births: 3.
num_vsnodes_deaths: 0.
num_space_committed: 1379.
num_space_uncommitted: 0.
num_chunks_returned_to_freelist: 6.
num_chunks_taken_from_freelist: 7276.
num_chunk_merges: 6.
num_chunk_splits: 4715.
num_chunks_enlarged: 2891.
num_inconsistent_stats: 0.

CodeHeap 'non-profiled nmethods': size=120064Kb used=5160Kb max_used=5160Kb free=114903Kb
 bounds [0x0000017557f80000, 0x0000017558490000, 0x000001755f4c0000]
CodeHeap 'profiled nmethods': size=120000Kb used=15294Kb max_used=15294Kb free=104705Kb
 bounds [0x00000175504c0000, 0x00000175513b0000, 0x00000175579f0000]
CodeHeap 'non-nmethods': size=5696Kb used=2794Kb max_used=2823Kb free=2901Kb
 bounds [0x00000175579f0000, 0x0000017557cc0000, 0x0000017557f80000]
CodeCache: size=245760Kb, used=23248Kb, max_used=23277Kb, free=222509Kb
 total_blobs=9313, nmethods=8384, adapters=834, full_count=0
Compilation: enabled, stopped_count=0, restarted_count=0

Compilation events (20 events):
Event: 285.098 Thread 0x00000175680a6c50 nmethod 9820 0x00000175513ac490 code [0x00000175513ac640, 0x00000175513ac790]
Event: 285.098 Thread 0x00000175680a6c50 9821       1       com.android.build.gradle.internal.dsl.decorator.SupportedPropertyType$Block::getType (5 bytes)
Event: 285.098 Thread 0x00000175680a6c50 nmethod 9821 0x0000017558485390 code [0x0000017558485520, 0x00000175584855e8]
Event: 285.098 Thread 0x00000175680a6c50 9822       1       com.android.build.gradle.internal.dsl.decorator.DslDecorator$ManagedProperty::getSupportedPropertyType (5 bytes)
Event: 285.098 Thread 0x00000175680a6c50 nmethod 9822 0x0000017558485690 code [0x0000017558485820, 0x00000175584858e8]
Event: 285.112 Thread 0x00000175680a6c50 9823       3       org.objectweb.asm.SymbolTable::addConstantUtf8 (98 bytes)
Event: 285.113 Thread 0x00000175680a6c50 nmethod 9823 0x00000175513ac890 code [0x00000175513acac0, 0x00000175513ad0b8]
Event: 285.113 Thread 0x00000175680a6c50 9824       3       org.objectweb.asm.ByteVector::putShort (52 bytes)
Event: 285.113 Thread 0x00000175680a6c50 nmethod 9824 0x00000175513ad410 code [0x00000175513ad5c0, 0x00000175513ad7c0]
Event: 285.116 Thread 0x000001756801f4c0 9825       4       java.lang.invoke.ClassSpecializer$SpeciesData::getterFunction (78 bytes)
Event: 285.119 Thread 0x000001756801f4c0 nmethod 9825 0x0000017558485990 code [0x0000017558485b40, 0x0000017558485d18]
Event: 285.119 Thread 0x00000175680a6c50 9826       3       java.lang.String::<init> (10 bytes)
Event: 285.119 Thread 0x00000175680a6c50 nmethod 9826 0x00000175513ad910 code [0x00000175513adac0, 0x00000175513adc10]
Event: 285.125 Thread 0x000001756801f4c0 9827       4       sun.reflect.generics.visitor.Reifier::visitClassTypeSignature (381 bytes)
Event: 285.126 Thread 0x00000175680a6c50 9828       3       java.util.LinkedHashMap::afterNodeAccess (266 bytes)
Event: 285.127 Thread 0x00000175680a6c50 nmethod 9828 0x00000175513add10 code [0x00000175513adf40, 0x00000175513aead0]
Event: 285.148 Thread 0x00000175680a6c50 9830       3       org.objectweb.asm.AnnotationWriter::computeAnnotationsSize (42 bytes)
Event: 285.148 Thread 0x00000175680a6c50 nmethod 9830 0x00000175513aed10 code [0x00000175513aeec0, 0x00000175513af0f8]
Event: 285.638 Thread 0x000001756801f4c0 nmethod 9827 0x0000017558485f10 code [0x0000017558486380, 0x00000175584884f0]
Event: 285.638 Thread 0x000001756801f4c0 9829 %     4       org.gradle.internal.instantiation.generator.AbstractClassGenerator::inspectType @ 107 (602 bytes)

GC Heap History (20 events):
Event: 261.438 GC heap before
{Heap before GC invocations=32 (full 0):
 garbage-first heap   total 80896K, used 71144K [0x0000000080000000, 0x0000000100000000)
  region size 1024K, 22 young (22528K), 3 survivors (3072K)
 Metaspace       used 73032K, committed 74752K, reserved 1114112K
  class space    used 10251K, committed 11072K, reserved 1048576K
}
Event: 261.456 GC heap after
{Heap after GC invocations=33 (full 0):
 garbage-first heap   total 80896K, used 52416K [0x0000000080000000, 0x0000000100000000)
  region size 1024K, 3 young (3072K), 3 survivors (3072K)
 Metaspace       used 73032K, committed 74752K, reserved 1114112K
  class space    used 10251K, committed 11072K, reserved 1048576K
}
Event: 262.534 GC heap before
{Heap before GC invocations=33 (full 0):
 garbage-first heap   total 80896K, used 71872K [0x0000000080000000, 0x0000000100000000)
  region size 1024K, 22 young (22528K), 3 survivors (3072K)
 Metaspace       used 73151K, committed 74816K, reserved 1114112K
  class space    used 10251K, committed 11072K, reserved 1048576K
}
Event: 262.543 GC heap after
{Heap after GC invocations=34 (full 0):
 garbage-first heap   total 80896K, used 53029K [0x0000000080000000, 0x0000000100000000)
  region size 1024K, 3 young (3072K), 3 survivors (3072K)
 Metaspace       used 73151K, committed 74816K, reserved 1114112K
  class space    used 10251K, committed 11072K, reserved 1048576K
}
Event: 264.144 GC heap before
{Heap before GC invocations=35 (full 0):
 garbage-first heap   total 89088K, used 71461K [0x0000000080000000, 0x0000000100000000)
  region size 1024K, 22 young (22528K), 3 survivors (3072K)
 Metaspace       used 73270K, committed 75008K, reserved 1114112K
  class space    used 10251K, committed 11072K, reserved 1048576K
}
Event: 264.152 GC heap after
{Heap after GC invocations=36 (full 0):
 garbage-first heap   total 107520K, used 53573K [0x0000000080000000, 0x0000000100000000)
  region size 1024K, 3 young (3072K), 3 survivors (3072K)
 Metaspace       used 73270K, committed 75008K, reserved 1114112K
  class space    used 10251K, committed 11072K, reserved 1048576K
}
Event: 266.257 GC heap before
{Heap before GC invocations=36 (full 0):
 garbage-first heap   total 107520K, used 92485K [0x0000000080000000, 0x0000000100000000)
  region size 1024K, 42 young (43008K), 3 survivors (3072K)
 Metaspace       used 73306K, committed 75008K, reserved 1114112K
  class space    used 10252K, committed 11072K, reserved 1048576K
}
Event: 266.270 GC heap after
{Heap after GC invocations=37 (full 0):
 garbage-first heap   total 107520K, used 53764K [0x0000000080000000, 0x0000000100000000)
  region size 1024K, 4 young (4096K), 4 survivors (4096K)
 Metaspace       used 73306K, committed 75008K, reserved 1114112K
  class space    used 10252K, committed 11072K, reserved 1048576K
}
Event: 267.629 GC heap before
{Heap before GC invocations=37 (full 0):
 garbage-first heap   total 107520K, used 95748K [0x0000000080000000, 0x0000000100000000)
  region size 1024K, 45 young (46080K), 4 survivors (4096K)
 Metaspace       used 73311K, committed 75008K, reserved 1114112K
  class space    used 10252K, committed 11072K, reserved 1048576K
}
Event: 267.638 GC heap after
{Heap after GC invocations=38 (full 0):
 garbage-first heap   total 107520K, used 54346K [0x0000000080000000, 0x0000000100000000)
  region size 1024K, 4 young (4096K), 4 survivors (4096K)
 Metaspace       used 73311K, committed 75008K, reserved 1114112K
  class space    used 10252K, committed 11072K, reserved 1048576K
}
Event: 269.330 GC heap before
{Heap before GC invocations=39 (full 0):
 garbage-first heap   total 107520K, used 95306K [0x0000000080000000, 0x0000000100000000)
  region size 1024K, 45 young (46080K), 4 survivors (4096K)
 Metaspace       used 73701K, committed 75392K, reserved 1114112K
  class space    used 10308K, committed 11136K, reserved 1048576K
}
Event: 269.339 GC heap after
{Heap after GC invocations=40 (full 0):
 garbage-first heap   total 107520K, used 54847K [0x0000000080000000, 0x0000000100000000)
  region size 1024K, 4 young (4096K), 4 survivors (4096K)
 Metaspace       used 73701K, committed 75392K, reserved 1114112K
  class space    used 10308K, committed 11136K, reserved 1048576K
}
Event: 274.241 GC heap before
{Heap before GC invocations=40 (full 0):
 garbage-first heap   total 107520K, used 106047K [0x0000000080000000, 0x0000000100000000)
  region size 1024K, 44 young (45056K), 4 survivors (4096K)
 Metaspace       used 76125K, committed 77888K, reserved 1179648K
  class space    used 10605K, committed 11456K, reserved 1048576K
}
Event: 274.274 GC heap after
{Heap after GC invocations=41 (full 0):
 garbage-first heap   total 118784K, used 70617K [0x0000000080000000, 0x0000000100000000)
  region size 1024K, 6 young (6144K), 6 survivors (6144K)
 Metaspace       used 76125K, committed 77888K, reserved 1179648K
  class space    used 10605K, committed 11456K, reserved 1048576K
}
Event: 276.917 GC heap before
{Heap before GC invocations=41 (full 0):
 garbage-first heap   total 118784K, used 104409K [0x0000000080000000, 0x0000000100000000)
  region size 1024K, 40 young (40960K), 6 survivors (6144K)
 Metaspace       used 79902K, committed 81664K, reserved 1179648K
  class space    used 11025K, committed 11904K, reserved 1048576K
}
Event: 276.937 GC heap after
{Heap after GC invocations=42 (full 0):
 garbage-first heap   total 118784K, used 71680K [0x0000000080000000, 0x0000000100000000)
  region size 1024K, 1 young (1024K), 1 survivors (1024K)
 Metaspace       used 79902K, committed 81664K, reserved 1179648K
  class space    used 11025K, committed 11904K, reserved 1048576K
}
Event: 281.006 GC heap before
{Heap before GC invocations=43 (full 0):
 garbage-first heap   total 119808K, used 106496K [0x0000000080000000, 0x0000000100000000)
  region size 1024K, 36 young (36864K), 1 survivors (1024K)
 Metaspace       used 83741K, committed 85568K, reserved 1179648K
  class space    used 11544K, committed 12416K, reserved 1048576K
}
Event: 281.017 GC heap after
{Heap after GC invocations=44 (full 0):
 garbage-first heap   total 119808K, used 73038K [0x0000000080000000, 0x0000000100000000)
  region size 1024K, 3 young (3072K), 3 survivors (3072K)
 Metaspace       used 83741K, committed 85568K, reserved 1179648K
  class space    used 11544K, committed 12416K, reserved 1048576K
}
Event: 285.149 GC heap before
{Heap before GC invocations=44 (full 0):
 garbage-first heap   total 119808K, used 113998K [0x0000000080000000, 0x0000000100000000)
  region size 1024K, 38 young (38912K), 3 survivors (3072K)
 Metaspace       used 86428K, committed 88256K, reserved 1179648K
  class space    used 11907K, committed 12800K, reserved 1048576K
}
Event: 285.593 GC heap after
{Heap after GC invocations=45 (full 0):
 garbage-first heap   total 122880K, used 77659K [0x0000000080000000, 0x0000000100000000)
  region size 1024K, 5 young (5120K), 5 survivors (5120K)
 Metaspace       used 86428K, committed 88256K, reserved 1179648K
  class space    used 11907K, committed 12800K, reserved 1048576K
}

Dll operation events (3 events):
Event: 0.051 Loaded shared library C:\Program Files\Android\Android Studio\jbr\bin\java.dll
Event: 0.099 Loaded shared library C:\Program Files\Android\Android Studio\jbr\bin\zip.dll
Event: 68.582 Loaded shared library C:\Program Files\Android\Android Studio\jbr\bin\verify.dll

Deoptimization events (20 events):
Event: 284.125 Thread 0x000001756986b470 DEOPT PACKING pc=0x000001755823107c sp=0x0000004f229f0d60
Event: 284.125 Thread 0x000001756986b470 DEOPT UNPACKING pc=0x0000017557a4469c sp=0x0000004f229f0c80 mode 2
Event: 284.426 Thread 0x000001756986b470 DEOPT PACKING pc=0x00000175512d2da2 sp=0x0000004f229f5930
Event: 284.426 Thread 0x000001756986b470 DEOPT UNPACKING pc=0x0000017557a44e23 sp=0x0000004f229f4e40 mode 0
Event: 285.019 Thread 0x000001756986b470 Uncommon trap: trap_request=0xffffff45 fr.pc=0x0000017558404284 relative=0x0000000000002444
Event: 285.019 Thread 0x000001756986b470 Uncommon trap: reason=unstable_if action=reinterpret pc=0x0000017558404284 method=java.util.regex.Pattern.has(I)Z @ 6 c2
Event: 285.019 Thread 0x000001756986b470 DEOPT PACKING pc=0x0000017558404284 sp=0x0000004f229f5a40
Event: 285.019 Thread 0x000001756986b470 DEOPT UNPACKING pc=0x0000017557a4469c sp=0x0000004f229f59c0 mode 2
Event: 285.019 Thread 0x000001756986b470 Uncommon trap: trap_request=0xffffff45 fr.pc=0x000001755816ac88 relative=0x0000000000000068
Event: 285.019 Thread 0x000001756986b470 Uncommon trap: reason=unstable_if action=reinterpret pc=0x000001755816ac88 method=java.util.regex.Pattern.has(I)Z @ 6 c2
Event: 285.019 Thread 0x000001756986b470 DEOPT PACKING pc=0x000001755816ac88 sp=0x0000004f229f5a30
Event: 285.019 Thread 0x000001756986b470 DEOPT UNPACKING pc=0x0000017557a4469c sp=0x0000004f229f59c0 mode 2
Event: 285.118 Thread 0x000001756986b470 Uncommon trap: trap_request=0xffffffc6 fr.pc=0x000001755833cf48 relative=0x0000000000000068
Event: 285.118 Thread 0x000001756986b470 Uncommon trap: reason=bimorphic_or_optimized_type_check action=maybe_recompile pc=0x000001755833cf48 method=java.util.AbstractQueue.add(Ljava/lang/Object;)Z @ 2 c2
Event: 285.118 Thread 0x000001756986b470 DEOPT PACKING pc=0x000001755833cf48 sp=0x0000004f229f6c20
Event: 285.118 Thread 0x000001756986b470 DEOPT UNPACKING pc=0x0000017557a4469c sp=0x0000004f229f6be8 mode 2
Event: 285.118 Thread 0x000001756986b470 Uncommon trap: trap_request=0xffffffc6 fr.pc=0x000001755833cf48 relative=0x0000000000000068
Event: 285.118 Thread 0x000001756986b470 Uncommon trap: reason=bimorphic_or_optimized_type_check action=maybe_recompile pc=0x000001755833cf48 method=java.util.AbstractQueue.add(Ljava/lang/Object;)Z @ 2 c2
Event: 285.118 Thread 0x000001756986b470 DEOPT PACKING pc=0x000001755833cf48 sp=0x0000004f229f6c20
Event: 285.118 Thread 0x000001756986b470 DEOPT UNPACKING pc=0x0000017557a4469c sp=0x0000004f229f6be8 mode 2

Classes loaded (20 events):
Event: 282.998 Loading class sun/security/util/Length
Event: 282.998 Loading class sun/security/util/Length done
Event: 282.998 Loading class javax/crypto/SecretKey
Event: 283.002 Loading class javax/crypto/SecretKey done
Event: 283.003 Loading class java/util/Base64
Event: 283.003 Loading class java/util/Base64 done
Event: 283.003 Loading class java/util/Base64$Decoder
Event: 283.004 Loading class java/util/Base64$Decoder done
Event: 283.004 Loading class java/util/Base64$Encoder
Event: 283.004 Loading class java/util/Base64$Encoder done
Event: 283.012 Loading class java/util/jar/JarVerifier$VerifierStream
Event: 283.013 Loading class java/util/jar/JarVerifier$VerifierStream done
Event: 283.013 Loading class sun/security/util/ManifestEntryVerifier$SunProviderHolder
Event: 283.013 Loading class sun/security/util/ManifestEntryVerifier$SunProviderHolder done
Event: 285.050 Loading class sun/reflect/annotation/AnnotationInvocationHandler$1
Event: 285.051 Loading class sun/reflect/annotation/AnnotationInvocationHandler$1 done
Event: 285.114 Loading class java/lang/foreign/ValueLayout
Event: 285.115 Loading class java/lang/foreign/MemoryLayout
Event: 285.115 Loading class java/lang/foreign/MemoryLayout done
Event: 285.116 Loading class java/lang/foreign/ValueLayout done

Classes unloaded (0 events):
No events

Classes redefined (0 events):
No events

Internal exceptions (20 events):
Event: 268.711 Thread 0x000001756986b470 Exception <a 'java/lang/ClassNotFoundException'{0x0000000084676098}: org/gradle/api/internal/tasks/DefaultTaskCollectionCustomizer> (0x0000000084676098) 
thrown [s\src\hotspot\share\classfile\systemDictionary.cpp, line 312]
Event: 268.716 Thread 0x000001756986b470 Exception <a 'java/lang/ClassNotFoundException'{0x00000000846d4c28}: org/gradle/api/internal/tasks/DefaultTaskCollection_DecoratedCustomizer> (0x00000000846d4c28) 
thrown [s\src\hotspot\share\classfile\systemDictionary.cpp, line 312]
Event: 268.785 Thread 0x000001756986b470 Exception <a 'java/lang/NoSuchMethodError'{0x000000008453e5a0}: 'long java.lang.invoke.DirectMethodHandle$Holder.invokeVirtual(java.lang.Object, java.lang.Object)'> (0x000000008453e5a0) 
thrown [s\src\hotspot\share\interpreter\linkResolver.cpp, line 784]
Event: 268.794 Thread 0x00000175694e9350 Exception <a 'java/lang/NoSuchMethodError'{0x0000000084573630}: static Lorg/gradle/internal/build/event/types/DefaultOperationFinishedProgressEvent;.<clinit>()V> (0x0000000084573630) 
thrown [s\src\hotspot\share\prims\jni.cpp, line 1144]
Event: 268.900 Thread 0x00000175694e9350 Exception <a 'java/lang/NoSuchMethodError'{0x00000000845d4050}: static Lorg/gradle/internal/build/event/types/DefaultProjectConfigurationSuccessResult;.<clinit>()V> (0x00000000845d4050) 
thrown [s\src\hotspot\share\prims\jni.cpp, line 1144]
Event: 268.908 Thread 0x00000175694e9350 Exception <a 'java/lang/NoSuchMethodError'{0x00000000845d5670}: static Lorg/gradle/internal/build/event/types/AbstractProjectConfigurationResult;.<clinit>()V> (0x00000000845d5670) 
thrown [s\src\hotspot\share\prims\jni.cpp, line 1144]
Event: 268.908 Thread 0x00000175694e9350 Exception <a 'java/lang/NoSuchMethodError'{0x00000000845d6f20}: static Lorg/gradle/internal/build/event/types/AbstractOperationResult;.<clinit>()V> (0x00000000845d6f20) 
thrown [s\src\hotspot\share\prims\jni.cpp, line 1144]
Event: 268.908 Thread 0x00000175694e9350 Exception <a 'java/lang/NoSuchMethodError'{0x00000000845d83e0}: static Lorg/gradle/internal/build/event/types/AbstractResult;.<clinit>()V> (0x00000000845d83e0) 
thrown [s\src\hotspot\share\prims\jni.cpp, line 1144]
Event: 268.918 Thread 0x00000175694e9350 Exception <a 'java/lang/NoSuchMethodError'{0x0000000084414b78}: static Lorg/gradle/internal/build/event/types/DefaultPluginApplicationResult;.<clinit>()V> (0x0000000084414b78) 
thrown [s\src\hotspot\share\prims\jni.cpp, line 1144]
Event: 268.918 Thread 0x00000175694e9350 Exception <a 'java/lang/NoSuchMethodError'{0x00000000844219f8}: static Lorg/gradle/internal/build/event/types/DefaultBinaryPluginIdentifier;.<clinit>()V> (0x00000000844219f8) 
thrown [s\src\hotspot\share\prims\jni.cpp, line 1144]
Event: 268.926 Thread 0x00000175694e9350 Exception <a 'java/lang/NoSuchMethodError'{0x000000008443d200}: static Lorg/gradle/internal/build/event/types/DefaultScriptPluginIdentifier;.<clinit>()V> (0x000000008443d200) 
thrown [s\src\hotspot\share\prims\jni.cpp, line 1144]
Event: 269.870 Thread 0x000001756986b470 Implicit null exception at 0x00000175582ebbdd to 0x00000175582ec044
Event: 269.871 Thread 0x000001756986b470 Implicit null exception at 0x00000175582eafdf to 0x00000175582eb434
Event: 272.272 Thread 0x000001756986b470 Exception <a 'java/lang/ClassNotFoundException'{0x0000000085d9e860}: org/gradle/api/internal/plugins/DefaultObjectConfigurationActionBeanInfo> (0x0000000085d9e860) 
thrown [s\src\hotspot\share\classfile\systemDictionary.cpp, line 312]
Event: 272.274 Thread 0x000001756986b470 Exception <a 'java/lang/ClassNotFoundException'{0x0000000085db2320}: org/gradle/api/internal/plugins/DefaultObjectConfigurationActionCustomizer> (0x0000000085db2320) 
thrown [s\src\hotspot\share\classfile\systemDictionary.cpp, line 312]
Event: 275.298 Thread 0x000001756986b470 Exception <a 'java/lang/NoSuchMethodError'{0x0000000085d0c5f0}: 'int java.lang.invoke.DirectMethodHandle$Holder.invokeSpecialIFC(java.lang.Object, java.lang.Object, java.lang.Object, java.lang.Object, java.lang.Object)'> (0x0000000085d0c5f0) 
thrown [s\src\hotspot\share\interpreter\linkResolver.cpp, line 784]
Event: 280.159 Thread 0x000001756986b470 Exception <a 'java/lang/NoSuchMethodError'{0x000000008532a300}: 'java.lang.Object java.lang.invoke.DirectMethodHandle$Holder.newInvokeSpecial(java.lang.Object, java.lang.Object, java.lang.Object, java.lang.Object, java.lang.Object, java.lang.Object, java.lang.Object, java.lang.Object, java.lang.Object, java.lang.Object, java.lang.Object, java.lang.Object, java.lang.Object, java.lang.Object, java.lang.Object, java.lang.Object)'> (0x000000008532a300) 
thrown [s\src\hotspot\share\interpreter\linkResolver.cpp,
Event: 280.160 Thread 0x000001756986b470 Exception <a 'java/lang/NoSuchMethodError'{0x0000000085330f78}: 'java.lang.Object java.lang.invoke.DirectMethodHandle$Holder.invokeSpecial(java.lang.Object, java.lang.Object, java.lang.Object, java.lang.Object, java.lang.Object, java.lang.Object, java.lang.Object, java.lang.Object, java.lang.Object, java.lang.Object, java.lang.Object, java.lang.Object, java.lang.Object, java.lang.Object, java.lang.Object, java.lang.Object, java.lang.Object)'> (0x0000000085330f78) 
thrown [s\src\hotspot\share\interpreter\li
Event: 280.160 Thread 0x000001756986b470 Exception <a 'java/lang/NoSuchMethodError'{0x0000000085336b58}: 'java.lang.Object java.lang.invoke.DelegatingMethodHandle$Holder.reinvoke_L(java.lang.Object, java.lang.Object, java.lang.Object, java.lang.Object, java.lang.Object, java.lang.Object, java.lang.Object, java.lang.Object, java.lang.Object, java.lang.Object, java.lang.Object, java.lang.Object, java.lang.Object, java.lang.Object, java.lang.Object, java.lang.Object)'> (0x0000000085336b58) 
thrown [s\src\hotspot\share\interpreter\linkResolver.cpp, l
Event: 281.962 Thread 0x000001756986b470 Implicit null exception at 0x00000175584563ba to 0x0000017558456540

ZGC Phase Switch (0 events):
No events

VM Operations (20 events):
Event: 280.268 Executing VM operation: HandshakeAllThreads (Deoptimize)
Event: 280.268 Executing VM operation: HandshakeAllThreads (Deoptimize) done
Event: 281.006 Executing VM operation: G1CollectForAllocation (G1 Evacuation Pause)
Event: 281.017 Executing VM operation: G1CollectForAllocation (G1 Evacuation Pause) done
Event: 281.671 Executing VM operation: HandshakeAllThreads (Deoptimize)
Event: 281.671 Executing VM operation: HandshakeAllThreads (Deoptimize) done
Event: 282.040 Executing VM operation: HandshakeAllThreads (Deoptimize)
Event: 282.040 Executing VM operation: HandshakeAllThreads (Deoptimize) done
Event: 282.040 Executing VM operation: Cleanup
Event: 282.040 Executing VM operation: Cleanup done
Event: 282.047 Executing VM operation: HandshakeAllThreads (Deoptimize)
Event: 282.047 Executing VM operation: HandshakeAllThreads (Deoptimize) done
Event: 283.055 Executing VM operation: Cleanup
Event: 283.055 Executing VM operation: Cleanup done
Event: 284.065 Executing VM operation: Cleanup
Event: 284.081 Executing VM operation: Cleanup done
Event: 285.092 Executing VM operation: Cleanup
Event: 285.093 Executing VM operation: Cleanup done
Event: 285.149 Executing VM operation: G1CollectForAllocation (G1 Evacuation Pause)
Event: 285.593 Executing VM operation: G1CollectForAllocation (G1 Evacuation Pause) done

Memory protections (0 events):
No events

Nmethod flushes (20 events):
Event: 277.133 Thread 0x0000017563cb6580 flushing  nmethod 0x0000017550d0e510
Event: 277.133 Thread 0x0000017563cb6580 flushing  nmethod 0x0000017550d0f310
Event: 277.133 Thread 0x0000017563cb6580 flushing  nmethod 0x0000017550d0fc10
Event: 277.133 Thread 0x0000017563cb6580 flushing  nmethod 0x0000017550d33c10
Event: 277.133 Thread 0x0000017563cb6580 flushing  nmethod 0x0000017550d34110
Event: 277.133 Thread 0x0000017563cb6580 flushing  nmethod 0x0000017550d44610
Event: 277.133 Thread 0x0000017563cb6580 flushing  nmethod 0x0000017550d45890
Event: 277.133 Thread 0x0000017563cb6580 flushing  nmethod 0x0000017550d8b190
Event: 277.133 Thread 0x0000017563cb6580 flushing  nmethod 0x0000017550e2af10
Event: 277.133 Thread 0x0000017563cb6580 flushing  nmethod 0x0000017550e2c810
Event: 277.133 Thread 0x0000017563cb6580 flushing  nmethod 0x0000017550f85590
Event: 277.133 Thread 0x0000017563cb6580 flushing  nmethod 0x0000017551088990
Event: 277.133 Thread 0x0000017563cb6580 flushing  nmethod 0x00000175510b7610
Event: 277.133 Thread 0x0000017563cb6580 flushing  nmethod 0x00000175510cd110
Event: 277.133 Thread 0x0000017563cb6580 flushing  nmethod 0x00000175510dca10
Event: 277.133 Thread 0x0000017563cb6580 flushing  nmethod 0x00000175510de890
Event: 277.133 Thread 0x0000017563cb6580 flushing  nmethod 0x00000175510e2790
Event: 277.133 Thread 0x0000017563cb6580 flushing  nmethod 0x0000017551118210
Event: 277.133 Thread 0x0000017563cb6580 flushing  nmethod 0x000001755118d390
Event: 277.133 Thread 0x0000017563cb6580 flushing  nmethod 0x00000175511d9b10

Events (20 events):
Event: 143.326 Thread 0x000001756986b470 Thread added: 0x00000175694ead90
Event: 155.621 Thread 0x000001756986b470 Thread added: 0x00000175694ec7d0
Event: 156.219 Thread 0x000001756986b470 Thread added: 0x00000175694ebab0
Event: 162.079 Thread 0x000001756986b470 Thread added: 0x000001756afe90f0
Event: 163.054 Thread 0x000001756986b470 Thread added: 0x000001756afe76b0
Event: 166.539 Thread 0x00000175694ea700 Thread added: 0x000001756afe6300
Event: 177.277 Thread 0x000001756986b470 Thread added: 0x000001756afe5c70
Event: 179.016 Thread 0x000001756986b470 Thread added: 0x000001756afe9e10
Event: 226.017 Thread 0x000001756986b470 Thread added: 0x000001756afe6990
Event: 227.519 Thread 0x000001756986b470 Thread added: 0x000001756afe7020
Event: 231.710 Thread 0x000001756986b470 Thread added: 0x000001756afe9780
Event: 232.036 Thread 0x000001756986b470 Thread added: 0x000001756afeab30
Event: 237.741 Thread 0x000001756986b470 Thread added: 0x000001756afea4a0
Event: 238.266 Thread 0x000001756986b470 Thread added: 0x000001756afe83d0
Event: 240.198 Thread 0x000001756986b470 Thread added: 0x000001756afeb1c0
Event: 258.223 Thread 0x000001756986b470 Thread added: 0x000001756b885de0
Event: 258.814 Thread 0x000001756986b470 Thread added: 0x000001756b886b00
Event: 262.279 Thread 0x000001756986b470 Thread added: 0x000001756b889260
Event: 276.847 Thread 0x000001756986b470 Thread added: 0x000001756b886470
Event: 280.714 Thread 0x000001756986b470 Thread added: 0x000001756b887820


Dynamic libraries:
0x00007ff679b10000 - 0x00007ff679b1a000 	C:\Program Files\Android\Android Studio\jbr\bin\java.exe
0x00007ff90ef80000 - 0x00007ff90f1e8000 	C:\WINDOWS\SYSTEM32\ntdll.dll
0x00007ff90d990000 - 0x00007ff90da59000 	C:\WINDOWS\System32\KERNEL32.DLL
0x00007ff90c420000 - 0x00007ff90c812000 	C:\WINDOWS\System32\KERNELBASE.dll
0x00007ff90cc00000 - 0x00007ff90cd4b000 	C:\WINDOWS\System32\ucrtbase.dll
0x00007ff8d4570000 - 0x00007ff8d4588000 	C:\Program Files\Android\Android Studio\jbr\bin\jli.dll
0x00007ff90d340000 - 0x00007ff90d505000 	C:\WINDOWS\System32\USER32.dll
0x00007ff90c1d0000 - 0x00007ff90c1f7000 	C:\WINDOWS\System32\win32u.dll
0x00007ff90d1e0000 - 0x00007ff90d20b000 	C:\WINDOWS\System32\GDI32.dll
0x00007ff90c820000 - 0x00007ff90c94d000 	C:\WINDOWS\System32\gdi32full.dll
0x00007ff90cb50000 - 0x00007ff90cbf3000 	C:\WINDOWS\System32\msvcp_win.dll
0x00007ff8f4e70000 - 0x00007ff8f4e8b000 	C:\Program Files\Android\Android Studio\jbr\bin\VCRUNTIME140.dll
0x00007ff8f0200000 - 0x00007ff8f0493000 	C:\WINDOWS\WinSxS\amd64_microsoft.windows.common-controls_6595b64144ccf1df_6.0.26100.6899_none_3e0efeeae32e88c1\COMCTL32.dll
0x00007ff90d210000 - 0x00007ff90d2b9000 	C:\WINDOWS\System32\msvcrt.dll
0x00007ff90dc20000 - 0x00007ff90dc4f000 	C:\WINDOWS\System32\IMM32.DLL
0x00007ff9000f0000 - 0x00007ff9000fc000 	C:\Program Files\Android\Android Studio\jbr\bin\vcruntime140_1.dll
0x00007ff8957f0000 - 0x00007ff89587d000 	C:\Program Files\Android\Android Studio\jbr\bin\msvcp140.dll
0x00007ff88edb0000 - 0x00007ff88fa46000 	C:\Program Files\Android\Android Studio\jbr\bin\server\jvm.dll
0x00007ff90dd40000 - 0x00007ff90ddf4000 	C:\WINDOWS\System32\ADVAPI32.dll
0x00007ff90e100000 - 0x00007ff90e1a6000 	C:\WINDOWS\System32\sechost.dll
0x00007ff90e1c0000 - 0x00007ff90e2d8000 	C:\WINDOWS\System32\RPCRT4.dll
0x00007ff90eca0000 - 0x00007ff90ed14000 	C:\WINDOWS\System32\WS2_32.dll
0x00007ff90bf70000 - 0x00007ff90bfce000 	C:\WINDOWS\SYSTEM32\POWRPROF.dll
0x00007ff8f1750000 - 0x00007ff8f1785000 	C:\WINDOWS\SYSTEM32\WINMM.dll
0x00007ff8fdfd0000 - 0x00007ff8fdfdb000 	C:\WINDOWS\SYSTEM32\VERSION.dll
0x00007ff90bf50000 - 0x00007ff90bf64000 	C:\WINDOWS\SYSTEM32\UMPDC.dll
0x00007ff90aee0000 - 0x00007ff90aefb000 	C:\WINDOWS\SYSTEM32\kernel.appcore.dll
0x00007ff8ffdb0000 - 0x00007ff8ffdba000 	C:\Program Files\Android\Android Studio\jbr\bin\jimage.dll
0x00007ff8f0590000 - 0x00007ff8f07d2000 	C:\WINDOWS\SYSTEM32\DBGHELP.DLL
0x00007ff90d510000 - 0x00007ff90d88b000 	C:\WINDOWS\System32\combase.dll
0x00007ff90dc60000 - 0x00007ff90dd37000 	C:\WINDOWS\System32\OLEAUT32.dll
0x00007ff8ef6a0000 - 0x00007ff8ef6dc000 	C:\WINDOWS\SYSTEM32\dbgcore.DLL
0x00007ff90c380000 - 0x00007ff90c418000 	C:\WINDOWS\System32\bcryptPrimitives.dll
0x00007ff8d44f0000 - 0x00007ff8d44fe000 	C:\Program Files\Android\Android Studio\jbr\bin\instrument.dll
0x00007ff8d4f80000 - 0x00007ff8d4fa0000 	C:\Program Files\Android\Android Studio\jbr\bin\java.dll
0x00007ff8d4500000 - 0x00007ff8d4518000 	C:\Program Files\Android\Android Studio\jbr\bin\zip.dll
0x00007ff90e2e0000 - 0x00007ff90ea2d000 	C:\WINDOWS\System32\SHELL32.dll
0x00007ff90c9e0000 - 0x00007ff90cb4b000 	C:\WINDOWS\System32\wintypes.dll
0x00007ff909da0000 - 0x00007ff90a5fd000 	C:\WINDOWS\SYSTEM32\windows.storage.dll
0x00007ff90d890000 - 0x00007ff90d982000 	C:\WINDOWS\System32\SHCORE.dll
0x00007ff90dbb0000 - 0x00007ff90dc12000 	C:\WINDOWS\System32\shlwapi.dll
0x00007ff90c030000 - 0x00007ff90c059000 	C:\WINDOWS\SYSTEM32\profapi.dll
0x00007ff8f4e60000 - 0x00007ff8f4e70000 	C:\Program Files\Android\Android Studio\jbr\bin\net.dll
0x00007ff900b40000 - 0x00007ff900c5f000 	C:\WINDOWS\SYSTEM32\WINHTTP.dll
0x00007ff90b450000 - 0x00007ff90b4bb000 	C:\WINDOWS\system32\mswsock.dll
0x00007ff8d3910000 - 0x00007ff8d3926000 	C:\Program Files\Android\Android Studio\jbr\bin\nio.dll
0x00007ff8efff0000 - 0x00007ff8f0000000 	C:\Program Files\Android\Android Studio\jbr\bin\verify.dll
0x00007ff8bc0a0000 - 0x00007ff8bc0c7000 	C:\Users\rilwa\.gradle\native\1def1411415f61bf3af743bc5b6707747c0891f09f0c88961ee8f79bc544acac\windows-amd64\native-platform.dll
0x00007ff8bb980000 - 0x00007ff8bb9f8000 	C:\Users\rilwa\.gradle\native\0.2.7\x86_64-windows-gnu\gradle-fileevents.dll
0x00007ff8d63e0000 - 0x00007ff8d63e9000 	C:\Program Files\Android\Android Studio\jbr\bin\management.dll
0x00007ff8d4f70000 - 0x00007ff8d4f7b000 	C:\Program Files\Android\Android Studio\jbr\bin\management_ext.dll
0x00007ff90ec10000 - 0x00007ff90ec18000 	C:\WINDOWS\System32\PSAPI.DLL
0x00007ff90aa50000 - 0x00007ff90aa84000 	C:\WINDOWS\SYSTEM32\IPHLPAPI.DLL
0x00007ff90e1b0000 - 0x00007ff90e1ba000 	C:\WINDOWS\System32\NSI.dll
0x00007ff8dcb80000 - 0x00007ff8dcb89000 	C:\Program Files\Android\Android Studio\jbr\bin\extnet.dll
0x00007ff90b700000 - 0x00007ff90b71b000 	C:\WINDOWS\SYSTEM32\CRYPTSP.dll
0x00007ff90ae40000 - 0x00007ff90ae7b000 	C:\WINDOWS\system32\rsaenh.dll
0x00007ff90b4f0000 - 0x00007ff90b51b000 	C:\WINDOWS\SYSTEM32\USERENV.dll
0x00007ff90c000000 - 0x00007ff90c026000 	C:\WINDOWS\SYSTEM32\bcrypt.dll
0x00007ff90b720000 - 0x00007ff90b72c000 	C:\WINDOWS\SYSTEM32\CRYPTBASE.dll
0x00007ff8d36e0000 - 0x00007ff8d36e8000 	C:\WINDOWS\system32\wshunix.dll

JVMTI agents:
C:\Users\rilwa\.gradle\wrapper\dists\gradle-8.13-bin\5xuhj0ry160q40clulazy9h7d\gradle-8.13\lib\agents\gradle-instrumentation-agent-8.13.jar path:C:\Program Files\Android\Android Studio\jbr\bin\instrument.dll, loaded, initialized, instrumentlib options:none

dbghelp: loaded successfully - version: 4.0.5 - missing functions: none
symbol engine: initialized successfully - sym options: 0x614 - pdb path: .;C:\Program Files\Android\Android Studio\jbr\bin;C:\WINDOWS\SYSTEM32;C:\WINDOWS\WinSxS\amd64_microsoft.windows.common-controls_6595b64144ccf1df_6.0.26100.6899_none_3e0efeeae32e88c1;C:\Program Files\Android\Android Studio\jbr\bin\server;C:\Users\rilwa\.gradle\native\1def1411415f61bf3af743bc5b6707747c0891f09f0c88961ee8f79bc544acac\windows-amd64;C:\Users\rilwa\.gradle\native\0.2.7\x86_64-windows-gnu

VM Arguments:
jvm_args: --add-opens=java.base/java.lang=ALL-UNNAMED --add-opens=java.base/java.lang.invoke=ALL-UNNAMED --add-opens=java.base/java.util=ALL-UNNAMED --add-opens=java.prefs/java.util.prefs=ALL-UNNAMED --add-exports=jdk.compiler/com.sun.tools.javac.api=ALL-UNNAMED --add-exports=jdk.compiler/com.sun.tools.javac.util=ALL-UNNAMED --add-opens=java.base/java.util=ALL-UNNAMED --add-opens=java.prefs/java.util.prefs=ALL-UNNAMED --add-opens=java.base/java.nio.charset=ALL-UNNAMED --add-opens=java.base/java.net=ALL-UNNAMED --add-opens=java.base/java.util.concurrent.atomic=ALL-UNNAMED --add-opens=java.xml/javax.xml.namespace=ALL-UNNAMED -Xmx2048m -Dfile.encoding=UTF-8 -Duser.country=US -Duser.language=en -Duser.variant -javaagent:C:\Users\rilwa\.gradle\wrapper\dists\gradle-8.13-bin\5xuhj0ry160q40clulazy9h7d\gradle-8.13\lib\agents\gradle-instrumentation-agent-8.13.jar 
java_command: org.gradle.launcher.daemon.bootstrap.GradleDaemon 8.13
java_class_path (initial): C:\Users\rilwa\.gradle\wrapper\dists\gradle-8.13-bin\5xuhj0ry160q40clulazy9h7d\gradle-8.13\lib\gradle-daemon-main-8.13.jar
Launcher Type: SUN_STANDARD

[Global flags]
     intx CICompilerCount                          = 2                                         {product} {ergonomic}
     uint ConcGCThreads                            = 1                                         {product} {ergonomic}
     uint G1ConcRefinementThreads                  = 2                                         {product} {ergonomic}
   size_t G1HeapRegionSize                         = 1048576                                   {product} {ergonomic}
    uintx GCDrainStackTargetSize                   = 64                                        {product} {ergonomic}
   size_t InitialHeapSize                          = 65011712                                  {product} {ergonomic}
   size_t MarkStackSize                            = 4194304                                   {product} {ergonomic}
   size_t MaxHeapSize                              = 2147483648                                {product} {command line}
   size_t MaxNewSize                               = 1287651328                                {product} {ergonomic}
   size_t MinHeapDeltaBytes                        = 1048576                                   {product} {ergonomic}
   size_t MinHeapSize                              = 8388608                                   {product} {ergonomic}
    uintx NonNMethodCodeHeapSize                   = 5826188                                {pd product} {ergonomic}
    uintx NonProfiledCodeHeapSize                  = 122916026                              {pd product} {ergonomic}
    uintx ProfiledCodeHeapSize                     = 122916026                              {pd product} {ergonomic}
    uintx ReservedCodeCacheSize                    = 251658240                              {pd product} {ergonomic}
     bool SegmentedCodeCache                       = true                                      {product} {ergonomic}
   size_t SoftMaxHeapSize                          = 2147483648                             {manageable} {ergonomic}
     bool UseCompressedOops                        = true                           {product lp64_product} {ergonomic}
     bool UseG1GC                                  = true                                      {product} {ergonomic}
     bool UseLargePagesIndividualAllocation        = false                                  {pd product} {ergonomic}

Logging:
Log output configuration:
 #0: stdout all=warning uptime,level,tags foldmultilines=false
 #1: stderr all=off uptime,level,tags foldmultilines=false

Environment Variables:
PATH=C:\WINDOWS\system32;C:\WINDOWS;C:\WINDOWS\System32\Wbem;C:\WINDOWS\System32\WindowsPowerShell\v1.0\;C:\WINDOWS\System32\OpenSSH\;C:\Program Files (x86)\Common Files\Intuit\QBPOSSDKRuntime;C:\Program Files\HP\HP One Agent;C:\WINDOWS\system32;C:\WINDOWS;C:\WINDOWS\System32\Wbem;C:\WINDOWS\System32\WindowsPowerShell\v1.0\;C:\WINDOWS\System32\OpenSSH\;C:\Program Files\Git\cmd;C:\Users\rilwa\AppData\Local\Microsoft\WindowsApps;
USERNAME=rilwa
OS=Windows_NT
PROCESSOR_IDENTIFIER=Intel64 Family 6 Model 122 Stepping 8, GenuineIntel
TMP=C:\Users\rilwa\AppData\Local\Temp
TEMP=C:\Users\rilwa\AppData\Local\Temp




Periodic native trim disabled

JNI global refs:
JNI global refs: 26, weak refs: 0

JNI global refs memory usage: 835, weak refs: 833

Process memory usage:
Resident Set Size: 242868K (6% of 3933772K total physical memory with 236564K free physical memory)

OOME stack traces (most recent first):
Classloader memory used:
Loader org.gradle.internal.classloader.VisitableURLClassLoader                         : 38462K
Loader bootstrap                                                                       : 25946K
Loader org.gradle.initialization.MixInLegacyTypesClassLoader                           : 11945K
Loader org.gradle.internal.classloader.VisitableURLClassLoader$InstrumentingVisitableURLClassLoader: 8758K
Loader jdk.internal.loader.ClassLoaders$PlatformClassLoader                            : 515K
Loader org.gradle.internal.classloader.VisitableURLClassLoader                         : 243K
Loader jdk.internal.loader.ClassLoaders$AppClassLoader                                 : 234K
Loader jdk.internal.reflect.DelegatingClassLoader                                      : 180K
Loader org.gradle.groovy.scripts.internal.DefaultScriptCompilationHandler$ScriptClassLoader: 124K
Loader org.codehaus.groovy.runtime.callsite.CallSiteClassLoader                        : 17200B

Classes loaded by more than one classloader:
Class Program                                                                         : loaded 4 times (x 74B)
Class com.google.common.base.Equivalence$Identity                                     : loaded 2 times (x 82B)
Class com.google.common.collect.RegularImmutableMap$KeySet                            : loaded 2 times (x 152B)
Class org.gradle.internal.classloader.FilteringClassLoader                            : loaded 2 times (x 105B)
Class com.google.common.base.CharMatcher$IsEither                                     : loaded 2 times (x 111B)
Class org.gradle.internal.classloader.ClassLoaderHierarchy                            : loaded 2 times (x 70B)
Class com.google.common.util.concurrent.ExecutionError                                : loaded 2 times (x 82B)
Class com.google.common.collect.ImmutableList$1                                       : loaded 2 times (x 97B)
Class org.gradle.api.internal.classpath.ManifestUtil                                  : loaded 2 times (x 71B)
Class com.google.common.collect.RegularImmutableMap                                   : loaded 2 times (x 121B)
Class com.google.common.collect.ImmutableMap$MapViewOfValuesAsSingletonSets           : loaded 2 times (x 126B)
Class [Lorg.objectweb.asm.Symbol;                                                     : loaded 2 times (x 69B)
Class org.objectweb.asm.ClassVisitor                                                  : loaded 2 times (x 88B)
Class com.google.common.collect.UnmodifiableListIterator                              : loaded 2 times (x 95B)
Class org.objectweb.asm.MethodTooLargeException                                       : loaded 2 times (x 83B)
Class [Lcom.google.common.cache.CacheBuilder$OneWeigher;                              : loaded 2 times (x 69B)
Class com.google.common.base.Suppliers                                                : loaded 2 times (x 71B)
Class org.gradle.internal.classloader.DefaultClassLoaderFactory                       : loaded 2 times (x 82B)
Class org.gradle.internal.classloader.ClassLoaderVisitor                              : loaded 2 times (x 76B)
Class [Lcom.google.common.collect.ImmutableMapEntry;                                  : loaded 2 times (x 69B)
Class org.gradle.api.internal.classpath.EffectiveClassPath                            : loaded 2 times (x 90B)
Class com.google.common.collect.ImmutableEnumMap                                      : loaded 2 times (x 126B)
Class org.objectweb.asm.AnnotationVisitor                                             : loaded 2 times (x 78B)
Class org.gradle.api.internal.DefaultClassPathProvider                                : loaded 2 times (x 76B)
Class [Lorg.gradle.api.internal.ClassPathProvider;                                    : loaded 2 times (x 69B)
Class org.gradle.api.internal.ClassPathProvider                                       : loaded 2 times (x 70B)
Class com.google.common.util.concurrent.AbstractFuture$SafeAtomicHelper               : loaded 2 times (x 79B)
Class com.google.common.cache.LocalCache$LocalLoadingCache                            : loaded 2 times (x 134B)
Class org.gradle.internal.service.UnknownServiceException                             : loaded 2 times (x 83B)
Class org.objectweb.asm.ModuleVisitor                                                 : loaded 2 times (x 81B)
Class com.google.common.cache.LocalCache$Strength$1                                   : loaded 2 times (x 81B)
Class com.google.common.util.concurrent.SettableFuture                                : loaded 2 times (x 114B)
Class com.google.common.cache.LocalCache$Strength$2                                   : loaded 2 times (x 81B)
Class com.google.common.cache.LocalCache$Strength$3                                   : loaded 2 times (x 81B)
Class com.google.common.collect.MapDifference                                         : loaded 2 times (x 70B)
Class org.objectweb.asm.FieldWriter                                                   : loaded 2 times (x 78B)
Class com.google.common.cache.CacheBuilder$NullListener                               : loaded 2 times (x 82B)
Class org.gradle.internal.classpath.TransformedClassPath                              : loaded 2 times (x 96B)
Class org.gradle.internal.classloader.InstrumentingClassLoader                        : loaded 2 times (x 70B)
Class com.google.common.cache.CacheLoader$FunctionToCacheLoader                       : loaded 2 times (x 75B)
Class com.google.common.collect.Iterators$ArrayItr                                    : loaded 2 times (x 97B)
Class com.google.common.collect.ImmutableCollection$Builder                           : loaded 2 times (x 76B)
Class com.google.common.base.MoreObjects                                              : loaded 2 times (x 71B)
Class [Lorg.objectweb.asm.Type;                                                       : loaded 2 times (x 69B)
Class com.google.common.collect.UnmodifiableIterator                                  : loaded 2 times (x 80B)
Class ijJvmDebugger1_bq4s7skt7d2e5vrhoysqck81o$_run_closure1                          : loaded 2 times (x 139B)
Class org.gradle.internal.service.ServiceLocator                                      : loaded 2 times (x 70B)
Class com.google.common.cache.LocalCache$1                                            : loaded 2 times (x 89B)
Class com.google.common.collect.SingletonImmutableBiMap                               : loaded 2 times (x 143B)
Class com.google.common.collect.AbstractMapEntry                                      : loaded 2 times (x 81B)
Class com.google.common.cache.LocalCache$2                                            : loaded 2 times (x 142B)
Class com.google.common.util.concurrent.AbstractFuture$UnsafeAtomicHelper$1           : loaded 2 times (x 76B)
Class com.google.common.collect.RegularImmutableAsList                                : loaded 2 times (x 217B)
Class com.google.common.util.concurrent.AbstractFuture$Trusted                        : loaded 2 times (x 70B)
Class com.google.common.collect.Iterators                                             : loaded 2 times (x 71B)
Class com.google.common.util.concurrent.UncheckedExecutionException                   : loaded 2 times (x 82B)
Class org.gradle.kotlin.dsl.VersionCatalogAccessorsKt                                 : loaded 2 times (x 71B)
Class org.gradle.internal.InternalTransformer                                         : loaded 2 times (x 70B)
Class org.objectweb.asm.ClassWriter                                                   : loaded 2 times (x 106B)
Class com.google.common.base.CharMatcher$And                                          : loaded 2 times (x 112B)
Class com.google.common.cache.CacheLoader$UnsupportedLoadingOperationException        : loaded 2 times (x 82B)
Class org.gradle.internal.classloader.ClasspathUtil$1                                 : loaded 2 times (x 76B)
Class org.objectweb.asm.FieldVisitor                                                  : loaded 2 times (x 77B)
Class com.google.common.collect.IndexedImmutableSet                                   : loaded 2 times (x 152B)
Class com.google.common.collect.ImmutableMap$1                                        : loaded 2 times (x 81B)
Class com.google.common.collect.BiMap                                                 : loaded 2 times (x 70B)
Class org.gradle.api.internal.classpath.DefaultModuleRegistry$DefaultModule           : loaded 2 times (x 86B)
Class com.google.common.collect.AbstractIterator                                      : loaded 2 times (x 82B)
Class com.google.common.collect.AbstractIndexedListIterator                           : loaded 2 times (x 96B)
Class com.google.common.math.MathPreconditions                                        : loaded 2 times (x 71B)
Class com.google.common.collect.ImmutableMapEntrySet                                  : loaded 2 times (x 152B)
Class ijJvmDebugger1_bq4s7skt7d2e5vrhoysqck81o                                        : loaded 2 times (x 179B)
Class org.gradle.api.internal.classpath.Module                                        : loaded 2 times (x 70B)
Class com.google.common.cache.Weigher                                                 : loaded 2 times (x 70B)
Class ijKotlinCoroutineJvmDebugInit1_dkshf4n79vjsvfsr47nw4x6gz$_run_closure1$_closure2: loaded 2 times (x 139B)
Class org.gradle.api.internal.classpath.UnknownModuleException                        : loaded 2 times (x 82B)
Class com.google.common.base.Stopwatch                                                : loaded 2 times (x 72B)
Class com.google.common.cache.LocalCache$Strength                                     : loaded 2 times (x 81B)
Class com.google.common.cache.Cache                                                   : loaded 2 times (x 70B)
Class com.google.common.util.concurrent.AbstractFuture$Cancellation                   : loaded 2 times (x 72B)
Class com.google.common.collect.ImmutableMap$Builder                                  : loaded 2 times (x 82B)
Class com.google.common.cache.RemovalListener                                         : loaded 2 times (x 70B)
Class org.gradle.api.internal.DefaultClassPathRegistry                                : loaded 2 times (x 76B)
Class org.gradle.api.internal.ClassPathRegistry                                       : loaded 2 times (x 70B)
Class org.gradle.internal.classpath.DefaultClassPath$ImmutableUniqueList              : loaded 2 times (x 199B)
Class com.google.common.cache.CacheBuilder                                            : loaded 2 times (x 72B)
Class com.google.common.collect.SingletonImmutableList                                : loaded 2 times (x 207B)
Class com.google.common.base.PairwiseEquivalence                                      : loaded 2 times (x 83B)
Class Settings_gradle$1                                                               : loaded 2 times (x 74B)
Class org.gradle.internal.classpath.ClassPath                                         : loaded 2 times (x 70B)
Class org.gradle.api.UncheckedIOException                                             : loaded 2 times (x 82B)
Class com.google.common.collect.ImmutableList$ReverseImmutableList                    : loaded 2 times (x 209B)
Class org.objectweb.asm.SymbolTable$Entry                                             : loaded 2 times (x 74B)
Class com.google.common.util.concurrent.AbstractFuture$AtomicHelper                   : loaded 2 times (x 78B)
Class org.objectweb.asm.Edge                                                          : loaded 2 times (x 72B)
Class com.google.common.base.Suppliers$SupplierOfInstance                             : loaded 2 times (x 79B)
Class com.google.common.collect.Iterators$1                                           : loaded 2 times (x 81B)
Class com.google.common.cache.LocalCache$ComputingValueReference                      : loaded 2 times (x 96B)
Class com.google.common.collect.SingletonImmutableSet                                 : loaded 2 times (x 146B)
Class com.google.common.collect.ImmutableMap$IteratorBasedImmutableMap                : loaded 2 times (x 126B)
Class com.google.common.cache.LocalCache$Segment                                      : loaded 2 times (x 154B)
Class [Lorg.objectweb.asm.SymbolTable$Entry;                                          : loaded 2 times (x 69B)
Class com.google.common.cache.CacheLoader                                             : loaded 2 times (x 74B)
Class com.google.common.collect.Iterators$4                                           : loaded 2 times (x 82B)
Class com.google.common.collect.ImmutableBiMap                                        : loaded 2 times (x 143B)
Class org.gradle.internal.installation.GradleInstallation$1                           : loaded 2 times (x 75B)
Class org.gradle.api.internal.classpath.ModuleRegistry                                : loaded 2 times (x 70B)
Class com.google.common.util.concurrent.internal.InternalFutureFailureAccess          : loaded 2 times (x 72B)
Class com.google.common.collect.Iterators$5                                           : loaded 2 times (x 82B)
Class com.google.common.collect.ImmutableSet$JdkBackedSetBuilderImpl                  : loaded 2 times (x 76B)
Class com.google.common.util.concurrent.AbstractFuture$UnsafeAtomicHelper             : loaded 2 times (x 78B)
Class com.google.common.base.CharMatcher$ForPredicate                                 : loaded 2 times (x 112B)
Class com.google.common.cache.LocalCache$LocalManualCache$1                           : loaded 2 times (x 75B)
Class ijJvmDebugger1_bq4s7skt7d2e5vrhoysqck81o$_run_closure1$_closure2                : loaded 2 times (x 140B)
Class com.google.common.base.CharMatcher$AnyOf                                        : loaded 2 times (x 112B)
Class com.google.common.collect.ImmutableCollection                                   : loaded 2 times (x 125B)
Class org.gradle.api.internal.classpath.DefaultModuleRegistry                         : loaded 2 times (x 86B)
Class com.google.common.util.concurrent.ListenableFuture                              : loaded 2 times (x 70B)
Class com.google.common.cache.ReferenceEntry                                          : loaded 2 times (x 70B)
Class com.google.common.base.Converter                                                : loaded 2 times (x 90B)
Class com.google.common.collect.ImmutableSet$CachingAsList                            : loaded 2 times (x 148B)
Class com.google.common.util.concurrent.AbstractFuture                                : loaded 2 times (x 106B)
Class com.google.common.base.FunctionalEquivalence                                    : loaded 2 times (x 83B)
Class com.google.common.collect.Iterators$9                                           : loaded 2 times (x 81B)
Class com.google.common.collect.ImmutableAsList                                       : loaded 2 times (x 209B)
Class org.objectweb.asm.RecordComponentVisitor                                        : loaded 2 times (x 77B)
Class com.google.common.cache.CacheLoader$SupplierToCacheLoader                       : loaded 2 times (x 75B)
Class com.google.common.collect.Maps$EntryTransformer                                 : loaded 2 times (x 70B)
Class org.gradle.internal.service.ServiceLookupException                              : loaded 2 times (x 82B)
Class [Lcom.google.common.cache.LocalCache$EntryFactory;                              : loaded 2 times (x 69B)
Class org.gradle.internal.classloader.ClassLoaderFactory                              : loaded 2 times (x 70B)
Class com.google.common.base.CharMatcher$IsNot                                        : loaded 2 times (x 111B)
Class com.google.common.cache.LocalCache$LocalManualCache                             : loaded 2 times (x 99B)
Class org.gradle.internal.service.CachingServiceLocator                               : loaded 2 times (x 82B)
Class com.google.common.math.IntMath                                                  : loaded 2 times (x 71B)
Class com.google.common.collect.ImmutableMapEntry                                     : loaded 2 times (x 85B)
Class com.google.common.base.Equivalence                                              : loaded 2 times (x 82B)
Class com.google.common.base.Function                                                 : loaded 2 times (x 70B)
Class com.google.common.collect.ImmutableMapEntry$NonTerminalImmutableMapEntry        : loaded 2 times (x 85B)
Class com.google.common.cache.CacheBuilder$OneWeigher                                 : loaded 2 times (x 82B)
Class com.google.common.collect.RegularImmutableList                                  : loaded 2 times (x 213B)
Class org.gradle.internal.classloader.ClasspathUtil                                   : loaded 2 times (x 71B)
Class com.google.common.util.concurrent.Uninterruptibles                              : loaded 2 times (x 71B)
Class com.google.common.collect.Maps                                                  : loaded 2 times (x 71B)
Class org.gradle.api.specs.Spec                                                       : loaded 2 times (x 70B)
Class [Lcom.google.common.collect.ImmutableEntry;                                     : loaded 2 times (x 69B)
Class com.google.common.cache.LocalCache$LoadingValueReference                        : loaded 2 times (x 96B)
Class Build_gradle$1                                                                  : loaded 2 times (x 78B)
Class com.google.common.collect.Maps$8                                                : loaded 2 times (x 82B)
Class com.google.common.cache.LocalCache$StrongValueReference                         : loaded 2 times (x 90B)
Class com.google.common.util.concurrent.AbstractFuture$SynchronizedHelper             : loaded 2 times (x 78B)
Class org.objectweb.asm.Type                                                          : loaded 2 times (x 72B)
Class org.gradle.internal.classloader.VisitableURLClassLoader$InstrumentingVisitableURLClassLoader: loaded 2 times (x 123B)
Class org.objectweb.asm.ByteVector                                                    : loaded 2 times (x 79B)
Class [Lcom.google.common.cache.CacheBuilder$NullListener;                            : loaded 2 times (x 69B)
Class com.google.common.math.IntMath$1                                                : loaded 2 times (x 71B)
Class org.gradle.internal.classloader.VisitableURLClassLoader$Spec                    : loaded 2 times (x 74B)
Class org.gradle.internal.classpath.DefaultClassPath                                  : loaded 2 times (x 90B)
Class org.objectweb.asm.Symbol                                                        : loaded 2 times (x 73B)
Class com.google.common.base.CharMatcher$Ascii                                        : loaded 2 times (x 112B)
Class com.google.common.base.CharMatcher$BitSetMatcher                                : loaded 2 times (x 112B)
Class com.google.common.collect.RegularImmutableMap$Values                            : loaded 2 times (x 207B)
Class com.google.common.collect.ImmutableSet                                          : loaded 2 times (x 145B)
Class org.gradle.internal.classloader.ClassLoaderSpec                                 : loaded 2 times (x 71B)
Class org.objectweb.asm.AnnotationWriter                                              : loaded 2 times (x 79B)
Class com.google.common.cache.CacheStats                                              : loaded 2 times (x 71B)
Class org.objectweb.asm.RecordComponentWriter                                         : loaded 2 times (x 78B)
Class com.google.common.util.concurrent.AbstractFuture$Listener                       : loaded 2 times (x 72B)
Class com.google.common.base.CharMatcher$Or                                           : loaded 2 times (x 112B)
Class Settings_gradle$1$1                                                             : loaded 2 times (x 74B)
Class org.objectweb.asm.Attribute                                                     : loaded 2 times (x 77B)
Class com.google.common.base.Supplier                                                 : loaded 2 times (x 70B)
Class org.gradle.internal.classloader.VisitableURLClassLoader                         : loaded 2 times (x 117B)
Class com.google.common.util.concurrent.AbstractFuture$Waiter                         : loaded 2 times (x 72B)
Class Settings_gradle                                                                 : loaded 2 times (x 128B)
Class org.gradle.internal.Cast                                                        : loaded 2 times (x 71B)
Class org.gradle.api.Action                                                           : loaded 2 times (x 70B)
Class org.objectweb.asm.Handler                                                       : loaded 2 times (x 72B)
Class com.google.common.base.CharMatcher$FastMatcher                                  : loaded 2 times (x 111B)
Class com.google.common.base.Ticker                                                   : loaded 2 times (x 72B)
Class [Lcom.google.common.cache.LocalCache$Segment;                                   : loaded 2 times (x 69B)
Class com.google.common.base.Predicate                                                : loaded 2 times (x 70B)
Class [Lcom.google.common.cache.LocalCache$Strength;                                  : loaded 2 times (x 69B)
Class com.google.common.cache.CacheBuilder$1                                          : loaded 2 times (x 85B)
Class com.google.common.collect.ImmutableMap                                          : loaded 2 times (x 120B)
Class org.gradle.internal.classpath.DefaultClassPath$ImmutableUniqueList$Builder      : loaded 2 times (x 75B)
Class com.google.common.base.CharMatcher$NegatedFastMatcher                           : loaded 2 times (x 113B)
Class com.google.common.cache.LocalCache                                              : loaded 2 times (x 187B)
Class com.google.common.cache.CacheBuilder$2                                          : loaded 2 times (x 79B)
Class com.google.common.cache.CacheBuilder$3                                          : loaded 2 times (x 72B)
Class [Lcom.google.common.collect.AbstractMapEntry;                                   : loaded 2 times (x 69B)
Class com.google.common.collect.ImmutableEntry                                        : loaded 2 times (x 82B)
Class org.gradle.api.GradleException                                                  : loaded 2 times (x 82B)
Class com.google.common.collect.CollectPreconditions                                  : loaded 2 times (x 71B)
Class com.google.common.collect.SortedMapDifference                                   : loaded 2 times (x 70B)
Class com.google.common.cache.LocalCache$EntryFactory                                 : loaded 2 times (x 83B)
Class com.google.common.cache.LocalCache$AbstractReferenceEntry                       : loaded 2 times (x 107B)
Class org.gradle.internal.IoActions                                                   : loaded 2 times (x 71B)
Class org.objectweb.asm.SymbolTable                                                   : loaded 2 times (x 72B)
Class com.google.common.cache.CacheLoader$InvalidCacheLoadException                   : loaded 2 times (x 82B)
Class com.google.common.collect.ImmutableSet$RegularSetBuilderImpl                    : loaded 2 times (x 77B)
Class org.gradle.internal.classloader.SystemClassLoaderSpec                           : loaded 2 times (x 71B)
Class com.google.common.cache.LocalCache$StrongEntry                                  : loaded 2 times (x 108B)
Class com.google.common.util.concurrent.AbstractFuture$TrustedFuture                  : loaded 2 times (x 114B)
Class com.google.common.cache.LoadingCache                                            : loaded 2 times (x 70B)
Class org.objectweb.asm.MethodWriter                                                  : loaded 2 times (x 106B)
Class [Lcom.google.common.cache.Weigher;                                              : loaded 2 times (x 69B)
Class com.google.common.collect.RegularImmutableMap$BucketOverflowException           : loaded 2 times (x 82B)
Class com.google.common.base.CharMatcher$Negated                                      : loaded 2 times (x 113B)
Class com.google.common.base.CharMatcher$Is                                           : loaded 2 times (x 111B)
Class com.google.common.cache.LocalCache$ValueReference                               : loaded 2 times (x 70B)
Class com.google.common.collect.RegularImmutableBiMap                                 : loaded 2 times (x 149B)
Class com.google.common.util.concurrent.AbstractFuture$Failure                        : loaded 2 times (x 72B)
Class com.google.common.base.Equivalence$Equals                                       : loaded 2 times (x 82B)
Class com.google.common.collect.Hashing                                               : loaded 2 times (x 71B)
Class com.google.common.base.Preconditions                                            : loaded 2 times (x 71B)
Class org.objectweb.asm.Label                                                         : loaded 2 times (x 73B)
Class org.objectweb.asm.CurrentFrame                                                  : loaded 2 times (x 73B)
Class org.objectweb.asm.ClassTooLargeException                                        : loaded 2 times (x 83B)
Class com.google.common.base.CharMatcher                                              : loaded 2 times (x 111B)
Class com.google.common.collect.PeekingIterator                                       : loaded 2 times (x 70B)
Class org.objectweb.asm.Frame                                                         : loaded 2 times (x 73B)
Class org.objectweb.asm.MethodVisitor                                                 : loaded 2 times (x 105B)
Class com.google.common.base.CharMatcher$1                                            : loaded 2 times (x 113B)
Class com.google.common.base.CharMatcher$NamedFastMatcher                             : loaded 2 times (x 112B)
Class com.google.common.cache.LocalCache$EntryFactory$1                               : loaded 2 times (x 83B)
Class [Lcom.google.common.cache.RemovalListener;                                      : loaded 2 times (x 69B)
Class ijKotlinCoroutineJvmDebugInit1_dkshf4n79vjsvfsr47nw4x6gz                        : loaded 2 times (x 179B)
Class com.google.common.cache.LocalCache$EntryFactory$2                               : loaded 2 times (x 83B)
Class org.gradle.api.internal.classpath.GlobalCacheRootsProvider                      : loaded 2 times (x 70B)
Class org.objectweb.asm.ModuleWriter                                                  : loaded 2 times (x 82B)
Class com.google.common.cache.LocalCache$EntryFactory$3                               : loaded 2 times (x 83B)
Class com.google.common.base.Ticker$1                                                 : loaded 2 times (x 72B)
Class com.google.common.collect.Maps$BiMapConverter                                   : loaded 2 times (x 90B)
Class com.google.common.collect.ImmutableMapEntrySet$RegularEntrySet                  : loaded 2 times (x 152B)
Class com.google.common.base.CharMatcher$InRange                                      : loaded 2 times (x 111B)
Class com.google.common.cache.LocalCache$EntryFactory$4                               : loaded 2 times (x 83B)
Class com.google.common.collect.ImmutableSet$Builder                                  : loaded 2 times (x 85B)
Class com.google.common.cache.LocalCache$EntryFactory$5                               : loaded 2 times (x 83B)
Class com.google.common.cache.LocalCache$EntryFactory$6                               : loaded 2 times (x 83B)
Class Build_gradle                                                                    : loaded 2 times (x 72B)
Class ijKotlinCoroutineJvmDebugInit1_dkshf4n79vjsvfsr47nw4x6gz$_run_closure1          : loaded 2 times (x 139B)
Class org.gradle.internal.installation.CurrentGradleInstallationLocator               : loaded 2 times (x 71B)
Class com.google.common.cache.LocalCache$EntryFactory$7                               : loaded 2 times (x 83B)
Class com.google.common.collect.ImmutableSet$EmptySetBuilderImpl                      : loaded 2 times (x 76B)
Class com.google.common.collect.ImmutableList                                         : loaded 2 times (x 206B)
Class org.gradle.internal.service.DefaultServiceLocator                               : loaded 2 times (x 83B)
Class com.google.common.cache.LocalCache$EntryFactory$8                               : loaded 2 times (x 83B)
Class com.google.common.collect.ImmutableSet$SetBuilderImpl                           : loaded 2 times (x 76B)
Class org.gradle.internal.installation.CurrentGradleInstallation                      : loaded 2 times (x 73B)
Class com.google.common.cache.CacheLoader$1                                           : loaded 2 times (x 75B)
Class com.google.common.collect.ImmutableList$SubList                                 : loaded 2 times (x 209B)
Class org.gradle.util.internal.GUtil                                                  : loaded 2 times (x 71B)
Class com.google.common.util.concurrent.AbstractFuture$SetFuture                      : loaded 2 times (x 75B)
Class com.google.common.cache.AbstractCache$StatsCounter                              : loaded 2 times (x 70B)
Class com.google.common.collect.Iterators$MergingIterator                             : loaded 2 times (x 81B)
Class com.google.common.collect.RegularImmutableSet                                   : loaded 2 times (x 149B)
Class org.gradle.internal.installation.GradleInstallation                             : loaded 2 times (x 75B)
Class com.google.common.collect.Iterables                                             : loaded 2 times (x 71B)

---------------  S Y S T E M  ---------------

OS:
 Windows 11 , 64 bit Build 26100 (10.0.26100.6725)
OS uptime: 0 days 0:13 hours

CPU: total 2 (initial active 2) (2 cores per cpu, 1 threads per core) family 6 model 122 stepping 8 microcode 0x24, cx8, cmov, fxsr, mmx, 3dnowpref, sse, sse2, sse3, ssse3, sse4.1, sse4.2, popcnt, tsc, tscinvbit, aes, erms, clmul, sha, clflush, clflushopt, rdtscp, rdpid
Processor Information for the first 2 processors :
  Max Mhz: 2001, Current Mhz: 2001, Mhz Limit: 2001

Memory: 4k page, system-wide physical 3841M (232M free)
TotalPageFile size 15617M (AvailPageFile size 3M)
current process WorkingSet (physical memory assigned to process): 240M, peak: 254M
current process commit charge ("private bytes"): 363M, peak: 363M

vm_info: OpenJDK 64-Bit Server VM (21.0.8+-14018985-b1038.68) for windows-amd64 JRE (21.0.8+-14018985-b1038.68), built on 2025-08-29T19:56:34Z by "builder" with MS VC++ 16.10 / 16.11 (VS2019)

END.
